admin@DESKTOP-C4RG5CK MINGW64 ~/Downloads/Git/34_Ta_Vuong_Minh_bai_tap (main)
$ git status
On branch main
Your branch is up to date with 'origin/main'.

Untracked files:
  (use "git add <file>..." to include in what will be committed)
        README,.md

nothing added to commit but untracked files present (use "git add" to track)

admin@DESKTOP-C4RG5CK MINGW64 ~/Downloads/Git/34_Ta_Vuong_Minh_bai_tap (main)
$ git add .

admin@DESKTOP-C4RG5CK MINGW64 ~/Downloads/Git/34_Ta_Vuong_Minh_bai_tap (main)
$  git commit -m "cap nhat noi dung bai 2"
[main 8f17d96] cap nhat noi dung bai 2
 1 file changed, 18 insertions(+)
 create mode 100644 README,.md

admin@DESKTOP-C4RG5CK MINGW64 ~/Downloads/Git/34_Ta_Vuong_Minh_bai_tap (main)
$   git push origin main
Enumerating objects: 4, done.
Counting objects: 100% (4/4), done.
Delta compression using up to 12 threads
Compressing objects: 100% (3/3), done.
Writing objects: 100% (3/3), 671 bytes | 671.00 KiB/s, done.
Total 3 (delta 0), reused 0 (delta 0), pack-reused 0 (from 0)
To https://github.com/tvminh25174600134-code/34_Ta_Vuong_Minh_bai_tap.git
   b9a0387..8f17d96  main -> main

admin@DESKTOP-C4RG5CK MINGW64 ~/Downloads/Git/34_Ta_Vuong_Minh_bai_tap (main)
$  git checkout main
Already on 'main'
Your branch is up to date with 'origin/main'.

admin@DESKTOP-C4RG5CK MINGW64 ~/Downloads/Git/34_Ta_Vuong_Minh_bai_tap (main)
$   git checkout -b branch_1
    git checkout main
    git checkout branch_1
    echo "Lorem ipsum dolor sit amet, consectetur adipiscing elit" > text_branch_1.txt
    git add text_branch_1.txt
    git commit -m "them file cho nhanh 1"
    git push origin branch_1
Switched to a new branch 'branch_1'
Switched to branch 'main'
Your branch is up to date with 'origin/main'.
Switched to branch 'branch_1'
[branch_1 2d05c3b] them file cho nhanh 1
 1 file changed, 1 insertion(+)
 create mode 100644 text_branch_1.txt
Enumerating objects: 4, done.
Counting objects: 100% (4/4), done.
Delta compression using up to 12 threads
Compressing objects: 100% (3/3), done.
Writing objects: 100% (3/3), 385 bytes | 385.00 KiB/s, done.
Total 3 (delta 0), reused 0 (delta 0), pack-reused 0 (from 0)
remote:
remote: Create a pull request for 'branch_1' on GitHub by visiting:
remote:      https://github.com/tvminh25174600134-code/34_Ta_Vuong_Minh_bai_tap/pull/new/branch_1
remote:
To https://github.com/tvminh25174600134-code/34_Ta_Vuong_Minh_bai_tap.git
 * [new branch]      branch_1 -> branch_1

admin@DESKTOP-C4RG5CK MINGW64 ~/Downloads/Git/34_Ta_Vuong_Minh_bai_tap (branch_1)
$ git checkout main
Switched to branch 'main'
Your branch is up to date with 'origin/main'.

admin@DESKTOP-C4RG5CK MINGW64 ~/Downloads/Git/34_Ta_Vuong_Minh_bai_tap (main)
$   git checkout -b branch_2
    echo "Praesent ullamcorper orci eu erat placerat sodales." > text_branch_2.txt
    git add text_branch_2.txt
    git commit -m "them file vao nhanh 2"
    git push origin branch_2
Switched to a new branch 'branch_2'
[branch_2 7cbeec6] them file vao nhanh 2
 1 file changed, 1 insertion(+)
 create mode 100644 text_branch_2.txt
Enumerating objects: 4, done.
Counting objects: 100% (4/4), done.
Delta compression using up to 12 threads
Compressing objects: 100% (3/3), done.
Writing objects: 100% (3/3), 381 bytes | 381.00 KiB/s, done.
Total 3 (delta 0), reused 0 (delta 0), pack-reused 0 (from 0)
remote:
remote: Create a pull request for 'branch_2' on GitHub by visiting:
remote:      https://github.com/tvminh25174600134-code/34_Ta_Vuong_Minh_bai_tap/pull/new/branch_2
remote:
To https://github.com/tvminh25174600134-code/34_Ta_Vuong_Minh_bai_tap.git
 * [new branch]      branch_2 -> branch_2

admin@DESKTOP-C4RG5CK MINGW64 ~/Downloads/Git/34_Ta_Vuong_Minh_bai_tap (branch_2)
$ git checkout main
Switched to branch 'main'
Your branch is up to date with 'origin/main'.

admin@DESKTOP-C4RG5CK MINGW64 ~/Downloads/Git/34_Ta_Vuong_Minh_bai_tap (main)
$  git checkout -b branch_3
    echo "Integer sit amet nisi aliquam, tempor libero quis, cursus erat" > text_branch_3.txt
    git add text_branch_3.txt
    git commit -m "them file vao nhanh 3"
    git push origin branch_3
Switched to a new branch 'branch_3'
[branch_3 cd2098f] them file vao nhanh 3
 1 file changed, 1 insertion(+)
 create mode 100644 text_branch_3.txt
Enumerating objects: 4, done.
Counting objects: 100% (4/4), done.
Delta compression using up to 12 threads
Compressing objects: 100% (3/3), done.
Writing objects: 100% (3/3), 390 bytes | 390.00 KiB/s, done.
Total 3 (delta 0), reused 0 (delta 0), pack-reused 0 (from 0)
remote:
remote: Create a pull request for 'branch_3' on GitHub by visiting:
remote:      https://github.com/tvminh25174600134-code/34_Ta_Vuong_Minh_bai_tap/pull/new/branch_3
remote:
To https://github.com/tvminh25174600134-code/34_Ta_Vuong_Minh_bai_tap.git
 * [new branch]      branch_3 -> branch_3

admin@DESKTOP-C4RG5CK MINGW64 ~/Downloads/Git/34_Ta_Vuong_Minh_bai_tap (branch_3)
$ git checkout main
Switched to branch 'main'
Your branch is up to date with 'origin/main'.

admin@DESKTOP-C4RG5CK MINGW64 ~/Downloads/Git/34_Ta_Vuong_Minh_bai_tap (main)
$ git checkout -b branch_4
    echo "Cras ac mi nec nisi porta ultrices sed non ante." > text_branch_4.txt
    git add text_branch_4.txt
    git commit -m "them file vao nhanh 4"
    git push origin branch_4
Switched to a new branch 'branch_4'
[branch_4 a2bc4f0] them file vao nhanh 4
 1 file changed, 1 insertion(+)
 create mode 100644 text_branch_4.txt
Enumerating objects: 4, done.
Counting objects: 100% (4/4), done.
Delta compression using up to 12 threads
Compressing objects: 100% (2/2), done.
Writing objects: 100% (3/3), 381 bytes | 381.00 KiB/s, done.
Total 3 (delta 0), reused 0 (delta 0), pack-reused 0 (from 0)
remote:
remote: Create a pull request for 'branch_4' on GitHub by visiting:
remote:      https://github.com/tvminh25174600134-code/34_Ta_Vuong_Minh_bai_tap/pull/new/branch_4
remote:
To https://github.com/tvminh25174600134-code/34_Ta_Vuong_Minh_bai_tap.git
 * [new branch]      branch_4 -> branch_4

admin@DESKTOP-C4RG5CK MINGW64 ~/Downloads/Git/34_Ta_Vuong_Minh_bai_tap (branch_4)
$ git checkout main
Switched to branch 'main'
Your branch is up to date with 'origin/main'.

admin@DESKTOP-C4RG5CK MINGW64 ~/Downloads/Git/34_Ta_Vuong_Minh_bai_tap (main)
$ git branch --delete branch_4
    git branch -D branch_4
error: the branch 'branch_4' is not fully merged
hint: If you are sure you want to delete it, run 'git branch -D branch_4'
hint: Disable this message with "git config set advice.forceDeleteBranch false"
Deleted branch branch_4 (was a2bc4f0).

admin@DESKTOP-C4RG5CK MINGW64 ~/Downloads/Git/34_Ta_Vuong_Minh_bai_tap (main)
$ git branch --
    git branch --list
  branch_1
  branch_2
  branch_3
* main
  branch_1
  branch_2
  branch_3
* main

admin@DESKTOP-C4RG5CK MINGW64 ~/Downloads/Git/34_Ta_Vuong_Minh_bai_tap (main)
$  git branch -r
    git checkout main
  origin/HEAD -> origin/main
  origin/branch_1
  origin/branch_2
  origin/branch_3
  origin/branch_4
  origin/main
Already on 'main'
Your branch is up to date with 'origin/main'.

admin@DESKTOP-C4RG5CK MINGW64 ~/Downloads/Git/34_Ta_Vuong_Minh_bai_tap (main)
$ git pull
Already up to date.

admin@DESKTOP-C4RG5CK MINGW64 ~/Downloads/Git/34_Ta_Vuong_Minh_bai_tap (main)
$ git checkout main
Already on 'main'
Your branch is up to date with 'origin/main'.

admin@DESKTOP-C4RG5CK MINGW64 ~/Downloads/Git/34_Ta_Vuong_Minh_bai_tap (main)
$ mkdir main_folder

admin@DESKTOP-C4RG5CK MINGW64 ~/Downloads/Git/34_Ta_Vuong_Minh_bai_tap (main)
$ cd main_folder

admin@DESKTOP-C4RG5CK MINGW64 ~/Downloads/Git/34_Ta_Vuong_Minh_bai_tap/main_folder (main)
$ echo "noi dung 1" > main_txt_1.txt

admin@DESKTOP-C4RG5CK MINGW64 ~/Downloads/Git/34_Ta_Vuong_Minh_bai_tap/main_folder (main)
$ echo "noi dung 2" > main_txt_2.txt

admin@DESKTOP-C4RG5CK MINGW64 ~/Downloads/Git/34_Ta_Vuong_Minh_bai_tap/main_folder (main)
$ echo "noi dung 3" > main_txt_3.txt

admin@DESKTOP-C4RG5CK MINGW64 ~/Downloads/Git/34_Ta_Vuong_Minh_bai_tap/main_folder (main)
$ cd ..

admin@DESKTOP-C4RG5CK MINGW64 ~/Downloads/Git/34_Ta_Vuong_Minh_bai_tap (main)
$ git add main_folder

admin@DESKTOP-C4RG5CK MINGW64 ~/Downloads/Git/34_Ta_Vuong_Minh_bai_tap (main)
$ git commit -m "them thu muc main_folder chua 3 file"
[main 6f75886] them thu muc main_folder chua 3 file
 3 files changed, 3 insertions(+)
 create mode 100644 main_folder/main_txt_1.txt
#
# Lines starting with '#' will be ignored, and an empty message aborts
# the commit.
~                                                                               ~                                                                               ~                                                                               ~                                                                               ~                                                                               ~                                                                               ~                                                                               ~                                                                               ~                                                                               ~                                                                               ~                                                                               ~                                                                               ~                                                                               ~                                                                               ~                                                                               .git/MERGE_MSG [unix] (15:46 21/10/2025)                                 1,1 All<nloads/Git/34_Ta_Vuong_Minh_bai_tap/.git/MERGE_MSG" [unix] 6L, 330B
Merge branch 'main' of https://github.com/tvminh25174600134-code/34_Ta_Vuong_Minh_bai_tap into branch_1
# Please enter a commit message to explain why this merge is necessary,
# especially if it merges an updated upstream into a topic branch.
#
# Lines starting with '#' will be ignored, and an empty message aborts
# the commit.
~                                                                               ~                                                                               ~                                                                               ~                                                                               ~                                                                               ~                                                                               ~                                                                               ~                                                                               ~                                                                               ~                                                                               ~
                                        .git/MERGE_MSG [unix] (15:46 21/10/2025)                                 1,1 All
                                                                                                                        ~                                                                                                                                                                                                                 ~                                                                                                                                                                                                                 ~                                                                                                                                                                                                                 ~                                                                                                                                                                                                                 ~                                                                                                                                                                                                                 ~                                                                                                                                                                                                                 .git/MERGE_MSG [unix] (15:46 21/10/2025)                                                                                                                                                                   1,1 All
Merge branch 'main' of https://github.com/tvminh25174600134-code/34_Ta_Vuong_Min
















From https://github.com/tvminh25174600134-code/34_Ta_Vuong_Minh_bai_tap
 * branch            main       -> FETCH_HEAD
h_bai_tap into branch_2
# Please enter a commit message to explain why this merge is necessary,
# especially if it merges an updated upstream into a topic branch.
#
# Lines starting with '#' will be ignored, and an empty message aborts
# the commit.
~                                                                               ~                                                                               ~                                                                               ~                                                                               ~                                                                               ~                                                                               ~                                                                               ~                                                                               ~                                                                               ~                                                                               ~                                                                               .git/MERGE_MSG [unix] (15:52 21/10/2025)                                 1,1 All<nloads/Git/34_Ta_Vuong_Minh_bai_tap/.git/MERGE_MSG" [unix] 6L, 330B
Merge branch 'main' of https://github.com/tvminh25174600134-code/34_Ta_Vuong_Min















From https://github.com/tvminh25174600134-code/34_Ta_Vuong_Minh_bai_tap
 * branch            main       -> FETCH_HEAD
Merge made by the 'ort' strategy.
Merge branch 'main' of https://github.com/tvminh25174600134-code/34_Ta_Vuong_Min















From https://github.com/tvminh25174600134-code/34_Ta_Vuong_Minh_bai_tap
 * branch            main       -> FETCH_HEAD
Merge made by the 'ort' strategy.
 main_folder/main_txt_1.txt | 1 +
 main_folder/main_txt_2.txt | 1 +
 main_folder/main_txt_3.txt | 1 +
 3 files changed, 3 insertions(+)
 create mode 100644 main_folder/main_txt_1.txt
 create mode 100644 main_folder/main_txt_2.txt
 create mode 100644 main_folder/main_txt_3.txt

admin@DESKTOP-C4RG5CK MINGW64 ~/Downloads/Git/34_Ta_Vuong_Minh_bai_tap (branch_3)
$ git push origin branch_3
Enumerating objects: 4, done.
Counting objects: 100% (4/4), done.
Delta compression using up to 12 threads
Compressing objects: 100% (2/2), done.
Writing objects: 100% (2/2), 363 bytes | 363.00 KiB/s, done.
Total 2 (delta 1), reused 0 (delta 0), pack-reused 0 (from 0)
remote: Resolving deltas: 100% (1/1), completed with 1 local object.
To https://github.com/tvminh25174600134-code/34_Ta_Vuong_Minh_bai_tap.git
   cd2098f..8a36211  branch_3 -> branch_3

admin@DESKTOP-C4RG5CK MINGW64 ~/Downloads/Git/34_Ta_Vuong_Minh_bai_tap (branch_3)
$ git checkout branch_1
Switched to branch 'branch_1'

admin@DESKTOP-C4RG5CK MINGW64 ~/Downloads/Git/34_Ta_Vuong_Minh_bai_tap (branch_1)
$ git pull origin main
From https://github.com/tvminh25174600134-code/34_Ta_Vuong_Minh_bai_tap
 * branch            main       -> FETCH_HEAD
Already up to date.

admin@DESKTOP-C4RG5CK MINGW64 ~/Downloads/Git/34_Ta_Vuong_Minh_bai_tap (branch_1)
$ git push origin branch_2
Enumerating objects: 4, done.
Counting objects: 100% (4/4), done.
Delta compression using up to 12 threads
Compressing objects: 100% (2/2), done.
Writing objects: 100% (2/2), 365 bytes | 365.00 KiB/s, done.
Total 2 (delta 1), reused 0 (delta 0), pack-reused 0 (from 0)
remote: Resolving deltas: 100% (1/1), completed with 1 local object.
To https://github.com/tvminh25174600134-code/34_Ta_Vuong_Minh_bai_tap.git
   7cbeec6..4581d78  branch_2 -> branch_2

admin@DESKTOP-C4RG5CK MINGW64 ~/Downloads/Git/34_Ta_Vuong_Minh_bai_tap (branch_1)
$ git push origin brach_1
error: src refspec brach_1 does not match any
error: failed to push some refs to 'https://github.com/tvminh25174600134-code/34_Ta_Vuong_Minh_bai_tap.git'

admin@DESKTOP-C4RG5CK MINGW64 ~/Downloads/Git/34_Ta_Vuong_Minh_bai_tap (branch_1)
$ git checkout branch_1
Already on 'branch_1'

admin@DESKTOP-C4RG5CK MINGW64 ~/Downloads/Git/34_Ta_Vuong_Minh_bai_tap (branch_1)
$ git pull origin main
From https://github.com/tvminh25174600134-code/34_Ta_Vuong_Minh_bai_tap
 * branch            main       -> FETCH_HEAD
Already up to date.

admin@DESKTOP-C4RG5CK MINGW64 ~/Downloads/Git/34_Ta_Vuong_Minh_bai_tap (branch_1)
$ git push origin brach_1
error: src refspec brach_1 does not match any
error: failed to push some refs to 'https://github.com/tvminh25174600134-code/34_Ta_Vuong_Minh_bai_tap.git'

admin@DESKTOP-C4RG5CK MINGW64 ~/Downloads/Git/34_Ta_Vuong_Minh_bai_tap (branch_1)
$ git checkout branch_2
Switched to branch 'branch_2'

admin@DESKTOP-C4RG5CK MINGW64 ~/Downloads/Git/34_Ta_Vuong_Minh_bai_tap (branch_2)
$ git pull origin main
From https://github.com/tvminh25174600134-code/34_Ta_Vuong_Minh_bai_tap
 * branch            main       -> FETCH_HEAD
Already up to date.

admin@DESKTOP-C4RG5CK MINGW64 ~/Downloads/Git/34_Ta_Vuong_Minh_bai_tap (branch_2)
$ git push origin branch_2
Everything up-to-date

admin@DESKTOP-C4RG5CK MINGW64 ~/Downloads/Git/34_Ta_Vuong_Minh_bai_tap (branch_2)
$ git checkout branch_1
Switched to branch 'branch_1'

admin@DESKTOP-C4RG5CK MINGW64 ~/Downloads/Git/34_Ta_Vuong_Minh_bai_tap (branch_1)
$ git checkout -b branch_5
Switched to a new branch 'branch_5'

admin@DESKTOP-C4RG5CK MINGW64 ~/Downloads/Git/34_Ta_Vuong_Minh_bai_tap (branch_5)
$ echo "Etiam malesuada felis nulla, ac porta dui sollicitudin eget. Mauris hendrerit non
metus eget pellentesque. Etiam ornare ante at pretium hendrerit. Proin molestie
accumsan sapien, ac finibus libero lobortis quis. Praesent ac commodo eros.
Nullam malesuada v el dui nec feugiat. Cras justo ipsum, scelerisque et elit vitae,
porttitor tristique turpis. Nam ut hendrerit est. Nulla sed tincidunt nibh. Class
aptent taciti sociosqu ad litora torquent per conubia nostra, per inceptos
himenaeos. Quisque vitae egestas lacus. Phasellus turpis ante, euismod quis
pellentesque et, pharetra id ligula. Vestibulum mattis sem ac ligula auctor viverra.
Phasellus dignissim mollis leo, vitae tristique enim." > text_branch_1.txt

admin@DESKTOP-C4RG5CK MINGW64 ~/Downloads/Git/34_Ta_Vuong_Minh_bai_tap (branch_5)
$ git add text_branch_1.txt

admin@DESKTOP-C4RG5CK MINGW64 ~/Downloads/Git/34_Ta_Vuong_Minh_bai_tap (branch_5)
$ git commit -m"cap nhat noi dung text_branch_1.txt cho nhanh 5"
[branch_5 b01e191] cap nhat noi dung text_branch_1.txt cho nhanh 5
 1 file changed, 9 insertions(+), 1 deletion(-)

admin@DESKTOP-C4RG5CK MINGW64 ~/Downloads/Git/34_Ta_Vuong_Minh_bai_tap (branch_5)
$ git push origin branch_5
Enumerating objects: 8, done.
Counting objects: 100% (8/8), done.
Delta compression using up to 12 threads
Compressing objects: 100% (5/5), done.
Writing objects: 100% (5/5), 991 bytes | 991.00 KiB/s, done.
Total 5 (delta 2), reused 0 (delta 0), pack-reused 0 (from 0)
remote: Resolving deltas: 100% (2/2), completed with 1 local object.
remote:
remote: Create a pull request for 'branch_5' on GitHub by visiting:
remote:      https://github.com/tvminh25174600134-code/34_Ta_Vuong_Minh_bai_tap/pull/new/branch_5
remote:
To https://github.com/tvminh25174600134-code/34_Ta_Vuong_Minh_bai_tap.git
 * [new branch]      branch_5 -> branch_5

admin@DESKTOP-C4RG5CK MINGW64 ~/Downloads/Git/34_Ta_Vuong_Minh_bai_tap (branch_5)
$ git checkout branch_1
Switched to branch 'branch_1'

admin@DESKTOP-C4RG5CK MINGW64 ~/Downloads/Git/34_Ta_Vuong_Minh_bai_tap (branch_1)
$ git merge branch_5
Updating 326a120..b01e191
Fast-forward
 text_branch_1.txt | 10 +++++++++-
 1 file changed, 9 insertions(+), 1 deletion(-)

admin@DESKTOP-C4RG5CK MINGW64 ~/Downloads/Git/34_Ta_Vuong_Minh_bai_tap (branch_1)
$ git branch -d branch_5
Merge branch 'branch_2'







Merge branch 'branch_3'


















Merge made by the 'ort' strategy.
 text_branch_3.txt | 1 +
 1 file changed, 1 insertion(+)
 create mode 100644 text_branch_3.txt

admin@DESKTOP-C4RG5CK MINGW64 ~/Downloads/Git/34_Ta_Vuong_Minh_bai_tap (main)
$ git merge branch_4
merge: branch_4 - not something we can merge

Did you mean this?
        origin/branch_4

admin@DESKTOP-C4RG5CK MINGW64 ~/Downloads/Git/34_Ta_Vuong_Minh_bai_tap (main)
$ git branch -r
  origin/HEAD -> origin/main
  origin/branch_1
Merge branch 'branch_4'


















Merge made by the 'ort' strategy.
 text_branch_4.txt | 1 +
 1 file changed, 1 insertion(+)
 create mode 100644 text_branch_4.txt

admin@DESKTOP-C4RG5CK MINGW64 ~/Downloads/Git/34_Ta_Vuong_Minh_bai_tap (main)
$ git checkout main
Already on 'main'
Your branch is ahead of 'origin/main' by 11 commits.
  (use "git push" to publish your local commits)

admin@DESKTOP-C4RG5CK MINGW64 ~/Downloads/Git/34_Ta_Vuong_Minh_bai_tap (main)
$ git push origin main
Enumerating objects: 10, done.
Counting objects: 100% (10/10), done.
Delta compression using up to 12 threads
Compressing objects: 100% (6/6), done.
Writing objects: 100% (6/6), 911 bytes | 303.00 KiB/s, done.
Total 6 (delta 2), reused 0 (delta 0), pack-reused 0 (from 0)
remote: Resolving deltas: 100% (2/2), done.
To https://github.com/tvminh25174600134-code/34_Ta_Vuong_Minh_bai_tap.git
   6f75886..1cd3e0f  main -> main

admin@DESKTOP-C4RG5CK MINGW64 ~/Downloads/Git/34_Ta_Vuong_Minh_bai_tap (main)
$ git checkout main
Already on 'main'
Your branch is up to date with 'origin/main'.

admin@DESKTOP-C4RG5CK MINGW64 ~/Downloads/Git/34_Ta_Vuong_Minh_bai_tap (main)
$ git branch -d branch_2
Deleted branch branch_2 (was 4581d78).

admin@DESKTOP-C4RG5CK MINGW64 ~/Downloads/Git/34_Ta_Vuong_Minh_bai_tap (main)
$ git branch -d branch_3
Deleted branch branch_3 (was 8a36211).

admin@DESKTOP-C4RG5CK MINGW64 ~/Downloads/Git/34_Ta_Vuong_Minh_bai_tap (main)
$ git branch -d branch_4
Deleted branch branch_4 (was a2bc4f0).

admin@DESKTOP-C4RG5CK MINGW64 ~/Downloads/Git/34_Ta_Vuong_Minh_bai_tap (main)
$ git push origin -d branch_2
To https://github.com/tvminh25174600134-code/34_Ta_Vuong_Minh_bai_tap.git
 - [deleted]         branch_2

admin@DESKTOP-C4RG5CK MINGW64 ~/Downloads/Git/34_Ta_Vuong_Minh_bai_tap (main)
$ git push origin -d branch_3
To https://github.com/tvminh25174600134-code/34_Ta_Vuong_Minh_bai_tap.git
 - [deleted]         branch_3

admin@DESKTOP-C4RG5CK MINGW64 ~/Downloads/Git/34_Ta_Vuong_Minh_bai_tap (main)
$ git push origin -d branch_4
To https://github.com/tvminh25174600134-code/34_Ta_Vuong_Minh_bai_tap.git
 - [deleted]         branch_4

admin@DESKTOP-C4RG5CK MINGW64 ~/Downloads/Git/34_Ta_Vuong_Minh_bai_tap (main)
$ git checkout branch_1
Switched to branch 'branch_1'

admin@DESKTOP-C4RG5CK MINGW64 ~/Downloads/Git/34_Ta_Vuong_Minh_bai_tap (branch_1)
$ git pull origin main
From https://github.com/tvminh25174600134-code/34_Ta_Vuong_Minh_bai_tap
 * branch            main       -> FETCH_HEAD
Updating b01e191..1cd3e0f
Fast-forward
 text_branch_2.txt | 1 +
 text_branch_3.txt | 1 +
 text_branch_4.txt | 1 +
 3 files changed, 3 insertions(+)
 create mode 100644 text_branch_2.txt
 create mode 100644 text_branch_3.txt
 create mode 100644 text_branch_4.txt

admin@DESKTOP-C4RG5CK MINGW64 ~/Downloads/Git/34_Ta_Vuong_Minh_bai_tap (branch_1)
$ git push origin branch_1
Total 0 (delta 0), reused 0 (delta 0), pack-reused 0 (from 0)
To https://github.com/tvminh25174600134-code/34_Ta_Vuong_Minh_bai_tap.git
   2d05c3b..1cd3e0f  branch_1 -> branch_1

admin@DESKTOP-C4RG5CK MINGW64 ~/Downloads/Git/34_Ta_Vuong_Minh_bai_tap (branch_1)
$ git checkout main
Switched to branch 'main'
Your branch is up to date with 'origin/main'.

admin@DESKTOP-C4RG5CK MINGW64 ~/Downloads/Git/34_Ta_Vuong_Minh_bai_tap (main)
$ history > stt34_TaVuongMinh_doan_ma.txt

admin@DESKTOP-C4RG5CK MINGW64 ~/Downloads/Git/34_Ta_Vuong_Minh_bai_tap (main)
$ touch doan_ma.txt

admin@DESKTOP-C4RG5CK MINGW64 ~/Downloads/Git/34_Ta_Vuong_Minh_bai_tap (main)
$ notepad doan_ma.txt




