Admin@thuhue07 MINGW64 ~/OneDrive/EXCEL/Tài liệu (master)
$ git clone https://github.com/hue2007/26_TRAN_THU_HUE_bai_tap.git
Cloning into '26_TRAN_THU_HUE_bai_tap'...
remote: Enumerating objects: 3, done.
remote: Counting objects: 100% (3/3), done.
remote: Total 3 (delta 0), reused 0 (delta 0), pack-reused 0 (from 0)
Receiving objects: 100% (3/3), done.

Admin@thuhue07 MINGW64 ~/OneDrive/EXCEL/Tài liệu (master)
$ cd 26_TRAN_THU_HUE_bai_tap

Admin@thuhue07 MINGW64 ~/OneDrive/EXCEL/Tài liệu/26_TRAN_THU_HUE_bai_tap (main)
$ notepad README.md

Admin@thuhue07 MINGW64 ~/OneDrive/EXCEL/Tài liệu/26_TRAN_THU_HUE_bai_tap (main)
$ git add README.md

Admin@thuhue07 MINGW64 ~/OneDrive/EXCEL/Tài liệu/26_TRAN_THU_HUE_bai_tap (main)
$ git commit -m "Cập nhật nội dung README.md đầu tiên"
[main 3bf8ca2] Cập nhật nội dung README.md đầu tiên
 1 file changed, 20 insertions(+), 1 deletion(-)

Admin@thuhue07 MINGW64 ~/OneDrive/EXCEL/Tài liệu/26_TRAN_THU_HUE_bai_tap (main)
$ git push origin main
Enumerating objects: 5, done.
Counting objects: 100% (5/5), done.
Delta compression using up to 12 threads
Compressing objects: 100% (2/2), done.
Writing objects: 100% (3/3), 708 bytes | 354.00 KiB/s, done.
Total 3 (delta 0), reused 0 (delta 0), pack-reused 0 (from 0)
To https://github.com/hue2007/26_TRAN_THU_HUE_bai_tap.git
   6af3f88..3bf8ca2  main -> main

Admin@thuhue07 MINGW64 ~/OneDrive/EXCEL/Tài liệu/26_TRAN_THU_HUE_bai_tap (main)
$ git checkout main
Already on 'main'
Your branch is up to date with 'origin/main'.

Admin@thuhue07 MINGW64 ~/OneDrive/EXCEL/Tài liệu/26_TRAN_THU_HUE_bai_tap (main)
$ git checkout -b branch_1
Switched to a new branch 'branch_1'

Admin@thuhue07 MINGW64 ~/OneDrive/EXCEL/Tài liệu/26_TRAN_THU_HUE_bai_tap (branch_1)
$ echo "Lorem ipsum dolor sit amet, consectetur adipiscing elit." > text_branch_1.txt

Admin@thuhue07 MINGW64 ~/OneDrive/EXCEL/Tài liệu/26_TRAN_THU_HUE_bai_tap (branch_1)
$ git add .
warning: in the working copy of 'text_branch_1.txt', LF will be replaced by CRLF the next time Git touches it

Admin@thuhue07 MINGW64 ~/OneDrive/EXCEL/Tài liệu/26_TRAN_THU_HUE_bai_tap (branch_1)
$ git commit -m "Tạo file text_branch_1.txt"
[branch_1 e1b0d06] Tạo file text_branch_1.txt
 1 file changed, 1 insertion(+)
 create mode 100644 text_branch_1.txt

Admin@thuhue07 MINGW64 ~/OneDrive/EXCEL/Tài liệu/26_TRAN_THU_HUE_bai_tap (branch_1)
$ git push origin branch_1
Enumerating objects: 4, done.
Counting objects: 100% (4/4), done.
Delta compression using up to 12 threads
Compressing objects: 100% (3/3), done.
Writing objects: 100% (3/3), 367 bytes | 122.00 KiB/s, done.
Total 3 (delta 0), reused 0 (delta 0), pack-reused 0 (from 0)
remote:
remote: Create a pull request for 'branch_1' on GitHub by visiting:
remote:      https://github.com/hue2007/26_TRAN_THU_HUE_bai_tap/pull/new/branch_1
remote:
To https://github.com/hue2007/26_TRAN_THU_HUE_bai_tap.git
 * [new branch]      branch_1 -> branch_1
Admin@thuhue07 MINGW64 ~/OneDrive/EXCEL/Tài liệu/26_TRAN_THU_HUE_bai_tap (branch_1)
$ git checkout main
Switched to branch 'main'
Your branch is up to date with 'origin/main'.

Admin@thuhue07 MINGW64 ~/OneDrive/EXCEL/Tài liệu/26_TRAN_THU_HUE_bai_tap (main)
$ git checkout -b branch_2
Switched to a new branch 'branch_2'

Admin@thuhue07 MINGW64 ~/OneDrive/EXCEL/Tài liệu/26_TRAN_THU_HUE_bai_tap (branch_2)
$ echo "Praesent ullamcorper orci eu erat placerat sodales." > text_branch_2.txt

Admin@thuhue07 MINGW64 ~/OneDrive/EXCEL/Tài liệu/26_TRAN_THU_HUE_bai_tap (branch_2)
$ git add .
warning: in the working copy of 'text_branch_2.txt', LF will be replaced by CRLF the next time Git touches it

Admin@thuhue07 MINGW64 ~/OneDrive/EXCEL/Tài liệu/26_TRAN_THU_HUE_bai_tap (branch_2)
$ git commit -m "Tạo file text_branch_2.txt"
[branch_2 6c023e4] Tạo file text_branch_2.txt
 1 file changed, 1 insertion(+)
 create mode 100644 text_branch_2.txt

Admin@thuhue07 MINGW64 ~/OneDrive/EXCEL/Tài liệu/26_TRAN_THU_HUE_bai_tap (branch_2)
$ git push origin branch_2
Enumerating objects: 4, done.
Counting objects: 100% (4/4), done.
Delta compression using up to 12 threads
Compressing objects: 100% (3/3), done.
Writing objects: 100% (3/3), 361 bytes | 180.00 KiB/s, done.
Total 3 (delta 0), reused 0 (delta 0), pack-reused 0 (from 0)
remote:
remote: Create a pull request for 'branch_2' on GitHub by visiting:
remote:      https://github.com/hue2007/26_TRAN_THU_HUE_bai_tap/pull/new/branch_2
remote:
To https://github.com/hue2007/26_TRAN_THU_HUE_bai_tap.git
 * [new branch]      branch_2 -> branch_2

Admin@thuhue07 MINGW64 ~/OneDrive/EXCEL/Tài liệu/26_TRAN_THU_HUE_bai_tap (branch_2)
$ git checkout main
Switched to branch 'main'
Your branch is up to date with 'origin/main'.

Admin@thuhue07 MINGW64 ~/OneDrive/EXCEL/Tài liệu/26_TRAN_THU_HUE_bai_tap (main)
$ git checkout -b branch_3
Switched to a new branch 'branch_3'

Admin@thuhue07 MINGW64 ~/OneDrive/EXCEL/Tài liệu/26_TRAN_THU_HUE_bai_tap (branch_3)
$ echo "Integer sit amet nisi aliquam, tempor libero quis, cursus erat." > text_branch_3.txt

Admin@thuhue07 MINGW64 ~/OneDrive/EXCEL/Tài liệu/26_TRAN_THU_HUE_bai_tap (branch_3)
$ git add .
warning: in the working copy of 'text_branch_3.txt', LF will be replaced by CRLF the next time Git touches it

Admin@thuhue07 MINGW64 ~/OneDrive/EXCEL/Tài liệu/26_TRAN_THU_HUE_bai_tap (branch_3)
$ git commit -m "Tạo file text_branch_3.txt"
[branch_3 1946d20] Tạo file text_branch_3.txt
 1 file changed, 1 insertion(+)
 create mode 100644 text_branch_3.txt

Admin@thuhue07 MINGW64 ~/OneDrive/EXCEL/Tài liệu/26_TRAN_THU_HUE_bai_tap (branch_3)
$ git push origin branch_3
Enumerating objects: 4, done.
Counting objects: 100% (4/4), done.
Delta compression using up to 12 threads
Compressing objects: 100% (3/3), done.
Writing objects: 100% (3/3), 370 bytes | 185.00 KiB/s, done.
Total 3 (delta 0), reused 0 (delta 0), pack-reused 0 (from 0)
remote:
remote: Create a pull request for 'branch_3' on GitHub by visiting:
remote:      https://github.com/hue2007/26_TRAN_THU_HUE_bai_tap/pull/new/branch_3
remote:
To https://github.com/hue2007/26_TRAN_THU_HUE_bai_tap.git
 * [new branch]      branch_3 -> branch_3

Admin@thuhue07 MINGW64 ~/OneDrive/EXCEL/Tài liệu/26_TRAN_THU_HUE_bai_tap (branch_3)
$ git checkout main
Switched to branch 'main'
Your branch is up to date with 'origin/main'.

Admin@thuhue07 MINGW64 ~/OneDrive/EXCEL/Tài liệu/26_TRAN_THU_HUE_bai_tap (main)
$ git checkout -b branch_4
Switched to a new branch 'branch_4'

Admin@thuhue07 MINGW64 ~/OneDrive/EXCEL/Tài liệu/26_TRAN_THU_HUE_bai_tap (branch_4)
$ echo "Cras ac mi nec nisi porta ultrices sed non ante." > text_branch_4.txt

Admin@thuhue07 MINGW64 ~/OneDrive/EXCEL/Tài liệu/26_TRAN_THU_HUE_bai_tap (branch_4)
$ git add .
warning: in the working copy of 'text_branch_4.txt', LF will be replaced by CRLF the next time Git touches it

Admin@thuhue07 MINGW64 ~/OneDrive/EXCEL/Tài liệu/26_TRAN_THU_HUE_bai_tap (branch_4)
$ git commit -m "Tạo file text_branch_4.txt"
[branch_4 a1128fc] Tạo file text_branch_4.txt
 1 file changed, 1 insertion(+)
 create mode 100644 text_branch_4.txt

Admin@thuhue07 MINGW64 ~/OneDrive/EXCEL/Tài liệu/26_TRAN_THU_HUE_bai_tap (branch_4)
$ git push origin branch_4
Enumerating objects: 4, done.
Counting objects: 100% (4/4), done.
Delta compression using up to 12 threads
Compressing objects: 100% (2/2), done.
Writing objects: 100% (3/3), 360 bytes | 180.00 KiB/s, done.
Total 3 (delta 0), reused 0 (delta 0), pack-reused 0 (from 0)
remote:
remote: Create a pull request for 'branch_4' on GitHub by visiting:
remote:      https://github.com/hue2007/26_TRAN_THU_HUE_bai_tap/pull/new/branch_4
remote:
To https://github.com/hue2007/26_TRAN_THU_HUE_bai_tap.git
 * [new branch]      branch_4 -> branch_4

Admin@thuhue07 MINGW64 ~/OneDrive/EXCEL/Tài liệu/26_TRAN_THU_HUE_bai_tap (branch_4)
$ git checkout main
Switched to branch 'main'
Your branch is up to date with 'origin/main'.

Admin@thuhue07 MINGW64 ~/OneDrive/EXCEL/Tài liệu/26_TRAN_THU_HUE_bai_tap (main)
$ git branch -d branch_4
error: the branch 'branch_4' is not fully merged
hint: If you are sure you want to delete it, run 'git branch -D branch_4'
hint: Disable this message with "git config set advice.forceDeleteBranch false"

Admin@thuhue07 MINGW64 ~/OneDrive/EXCEL/Tài liệu/26_TRAN_THU_HUE_bai_tap (main)
$ git branch -D branch_4
Deleted branch branch_4 (was a1128fc).

Admin@thuhue07 MINGW64 ~/OneDrive/EXCEL/Tài liệu/26_TRAN_THU_HUE_bai_tap (main)
$ git branch -l
  branch_1
  branch_2
  branch_3
* main

Admin@thuhue07 MINGW64 ~/OneDrive/EXCEL/Tài liệu/26_TRAN_THU_HUE_bai_tap (main)
$ git branch -r
  origin/HEAD -> origin/main
  origin/branch_1
  origin/branch_2
  origin/branch_3
  origin/branch_4
  origin/main

Admin@thuhue07 MINGW64 ~/OneDrive/EXCEL/Tài liệu/26_TRAN_THU_HUE_bai_tap (main)
$ git pull
Already up to date.
Admin@thuhue07 MINGW64 ~/OneDrive/EXCEL/Tài liệu/26_TRAN_THU_HUE_bai_tap (main)
$ git checkout main
Already on 'main'
Your branch is up to date with 'origin/main'.

Admin@thuhue07 MINGW64 ~/OneDrive/EXCEL/Tài liệu/26_TRAN_THU_HUE_bai_tap (main)
$ mkdir main_folder

Admin@thuhue07 MINGW64 ~/OneDrive/EXCEL/Tài liệu/26_TRAN_THU_HUE_bai_tap (main)
$ echo "File 1" > main_folder/main_txt_1.txt

Admin@thuhue07 MINGW64 ~/OneDrive/EXCEL/Tài liệu/26_TRAN_THU_HUE_bai_tap (main)
$ echo "File 2" > main_folder/main_txt_2.txt

Admin@thuhue07 MINGW64 ~/OneDrive/EXCEL/Tài liệu/26_TRAN_THU_HUE_bai_tap (main)
$ echo "File 3" > main_folder/main_txt_3.txt

Admin@thuhue07 MINGW64 ~/OneDrive/EXCEL/Tài liệu/26_TRAN_THU_HUE_bai_tap (main)
$ git add .
warning: in the working copy of 'main_folder/main_txt_1.txt', LF will be replaced by CRLF the next time Git touches it
warning: in the working copy of 'main_folder/main_txt_2.txt', LF will be replaced by CRLF the next time Git touches it
warning: in the working copy of 'main_folder/main_txt_3.txt', LF will be replaced by CRLF the next time Git touches it

Admin@thuhue07 MINGW64 ~/OneDrive/EXCEL/Tài liệu/26_TRAN_THU_HUE_bai_tap (main)
$ git commit -m "Thêm 3 file vào thư mục main_folder"
[main c76a7a9] Thêm 3 file vào thư mục main_folder
 3 files changed, 3 insertions(+)
 create mode 100644 main_folder/main_txt_1.txt
 create mode 100644 main_folder/main_txt_2.txt
 create mode 100644 main_folder/main_txt_3.txt

Admin@thuhue07 MINGW64 ~/OneDrive/EXCEL/Tài liệu/26_TRAN_THU_HUE_bai_tap (main)
$ git push origin main
Enumerating objects: 7, done.
Counting objects: 100% (7/7), done.
Delta compression using up to 12 threads
Compressing objects: 100% (3/3), done.
Writing objects: 100% (6/6), 465 bytes | 116.00 KiB/s, done.
Total 6 (delta 0), reused 0 (delta 0), pack-reused 0 (from 0)
To https://github.com/hue2007/26_TRAN_THU_HUE_bai_tap.git
   3bf8ca2..c76a7a9  main -> main
Admin@thuhue07 MINGW64 ~/OneDrive/EXCEL/Tài liệu/26_TRAN_THU_HUE_bai_tap (main)
$ git checkout branch_1





















From https://github.com/hue2007/26_TRAN_THU_HUE_bai_tap
 * branch            main       -> FETCH_HEAD
Merge made by the 'ort' strategy.
 main_folder/main_txt_1.txt | 1 +
 main_folder/main_txt_2.txt | 1 +
 main_folder/main_txt_3.txt | 1 +
 3 files changed, 3 insertions(+)
 create mode 100644 main_folder/main_txt_1.txt
 create mode 100644 main_folder/main_txt_2.txt
 create mode 100644 main_folder/main_txt_3.txt






















From https://github.com/hue2007/26_TRAN_THU_HUE_bai_tap
 * branch            main       -> FETCH_HEAD
Merge made by the 'ort' strategy.
 main_folder/main_txt_1.txt | 1 +
 main_folder/main_txt_2.txt | 1 +
 main_folder/main_txt_3.txt | 1 +
 3 files changed, 3 insertions(+)
 create mode 100644 main_folder/main_txt_1.txt
 create mode 100644 main_folder/main_txt_2.txt
 create mode 100644 main_folder/main_txt_3.txt






















From https://github.com/hue2007/26_TRAN_THU_HUE_bai_tap
 * branch            main       -> FETCH_HEAD
Merge made by the 'ort' strategy.
 main_folder/main_txt_1.txt | 1 +
 main_folder/main_txt_2.txt | 1 +
 main_folder/main_txt_3.txt | 1 +
 3 files changed, 3 insertions(+)
 create mode 100644 main_folder/main_txt_1.txt
 create mode 100644 main_folder/main_txt_2.txt
 create mode 100644 main_folder/main_txt_3.txt

Admin@thuhue07 MINGW64 ~/OneDrive/EXCEL/Tài liệu/26_TRAN_THU_HUE_bai_tap (branch_3)
$ git push origin branch_3
Enumerating objects: 4, done.
Counting objects: 100% (4/4), done.
Delta compression using up to 12 threads
Compressing objects: 100% (2/2), done.
Writing objects: 100% (2/2), 407 bytes | 203.00 KiB/s, done.
Total 2 (delta 0), reused 0 (delta 0), pack-reused 0 (from 0)
To https://github.com/hue2007/26_TRAN_THU_HUE_bai_tap.git
   1946d20..c697eb3  branch_3 -> branch_3

Admin@thuhue07 MINGW64 ~/OneDrive/EXCEL/Tài liệu/26_TRAN_THU_HUE_bai_tap (branch_3)
$ git checkout branch_1
Switched to branch 'branch_1'

Admin@thuhue07 MINGW64 ~/OneDrive/EXCEL/Tài liệu/26_TRAN_THU_HUE_bai_tap (branch_1)
$ git checkout -b branch_5
Switched to a new branch 'branch_5'

Admin@thuhue07 MINGW64 ~/OneDrive/EXCEL/Tài liệu/26_TRAN_THU_HUE_bai_tap (branch_5)
$ notepad text_branch_1.txt

Admin@thuhue07 MINGW64 ~/OneDrive/EXCEL/Tài liệu/26_TRAN_THU_HUE_bai_tap (branch_5)
$ git add .

Admin@thuhue07 MINGW64 ~/OneDrive/EXCEL/Tài liệu/26_TRAN_THU_HUE_bai_tap (branch_5)
$ git commit -m "Chỉnh sửa nội dung text_branch_1.txt trong branch_5"
[branch_5 0474a07] Chỉnh sửa nội dung text_branch_1.txt trong branch_5
 1 file changed, 1 insertion(+), 1 deletion(-)

Admin@thuhue07 MINGW64 ~/OneDrive/EXCEL/Tài liệu/26_TRAN_THU_HUE_bai_tap (branch_5)
$ git push origin branch_5
Enumerating objects: 5, done.
Counting objects: 100% (5/5), done.
Delta compression using up to 12 threads
Compressing objects: 100% (3/3), done.
Writing objects: 100% (3/3), 689 bytes | 344.00 KiB/s, done.
Total 3 (delta 1), reused 0 (delta 0), pack-reused 0 (from 0)
remote: Resolving deltas: 100% (1/1), completed with 1 local object.
remote:
remote: Create a pull request for 'branch_5' on GitHub by visiting:
remote:      https://github.com/hue2007/26_TRAN_THU_HUE_bai_tap/pull/new/branch_5
remote:
To https://github.com/hue2007/26_TRAN_THU_HUE_bai_tap.git
 * [new branch]      branch_5 -> branch_5

Admin@thuhue07 MINGW64 ~/OneDrive/EXCEL/Tài liệu/26_TRAN_THU_HUE_bai_tap (branch_5)
$ git branch -d branch_5
error: cannot delete branch 'branch_5' used by worktree at 'C:/Users/dungt/OneDrive/EXCEL/Tài liệu/26_TRAN_THU_HUE_bai_tap'

Admin@thuhue07 MINGW64 ~/OneDrive/EXCEL/Tài liệu/26_TRAN_THU_HUE_bai_tap (branch_5)
$ git checkout branch_1
Switched to branch 'branch_1'

Admin@thuhue07 MINGW64 ~/OneDrive/EXCEL/Tài liệu/26_TRAN_THU_HUE_bai_tap (branch_1)
$ git branch -d branch_5
error: the branch 'branch_5' is not fully merged
hint: If you are sure you want to delete it, run 'git branch -D branch_5'
hint: Disable this message with "git config set advice.forceDeleteBranch false"

Admin@thuhue07 MINGW64 ~/OneDrive/EXCEL/Tài liệu/26_TRAN_THU_HUE_bai_tap (branch_1)
$ git branch -D branch_5
Deleted branch branch_5 (was 0474a07).

Admin@thuhue07 MINGW64 ~/OneDrive/EXCEL/Tài liệu/26_TRAN_THU_HUE_bai_tap (branch_1)
$ git push origin --delete branch_5
To https://github.com/hue2007/26_TRAN_THU_HUE_bai_tap.git
 - [deleted]         branch_5

Admin@thuhue07 MINGW64 ~/OneDrive/EXCEL/Tài liệu/26_TRAN_THU_HUE_bai_tap (branch_1)
$ git branch -d branch_2
error: the branch 'branch_2' is not fully merged
hint: If you are sure you want to delete it, run 'git branch -D branch_2'
hint: Disable this message with "git config set advice.forceDeleteBranch false"

Admin@thuhue07 MINGW64 ~/OneDrive/EXCEL/Tài liệu/26_TRAN_THU_HUE_bai_tap (branch_1)
$ git checkout main
Switched to branch 'main'
Your branch is up to date with 'origin/main'.

Admin@thuhue07 MINGW64 ~/OneDrive/EXCEL/Tài liệu/26_TRAN_THU_HUE_bai_tap (main)
$ git branch -D branch_2
Deleted branch branch_2 (was 6df5d60).

Admin@thuhue07 MINGW64 ~/OneDrive/EXCEL/Tài liệu/26_TRAN_THU_HUE_bai_tap (main)
$ git branch -D branch_3
Deleted branch branch_3 (was c697eb3).

Admin@thuhue07 MINGW64 ~/OneDrive/EXCEL/Tài liệu/26_TRAN_THU_HUE_bai_tap (main)
$ git branch -D branch_4
error: branch 'branch_4' not found

Admin@thuhue07 MINGW64 ~/OneDrive/EXCEL/Tài liệu/26_TRAN_THU_HUE_bai_tap (main)
$ git push origin --delete branch_2
To https://github.com/hue2007/26_TRAN_THU_HUE_bai_tap.git
 - [deleted]         branch_2

Admin@thuhue07 MINGW64 ~/OneDrive/EXCEL/Tài liệu/26_TRAN_THU_HUE_bai_tap (main)
$ git push origin --delete branch_3
To https://github.com/hue2007/26_TRAN_THU_HUE_bai_tap.git
 - [deleted]         branch_3

Admin@thuhue07 MINGW64 ~/OneDrive/EXCEL/Tài liệu/26_TRAN_THU_HUE_bai_tap (main)
$ git push origin --delete branch_4
To https://github.com/hue2007/26_TRAN_THU_HUE_bai_tap.git
 - [deleted]         branch_4

Admin@thuhue07 MINGW64 ~/OneDrive/EXCEL/Tài liệu/26_TRAN_THU_HUE_bai_tap (main)
$ git checkout branch_1
Switched to branch 'branch_1'

Admin@thuhue07 MINGW64 ~/OneDrive/EXCEL/Tài liệu/26_TRAN_THU_HUE_bai_tap (branch_1)
$ git pull origin main
remote: Enumerating objects: 23, done.
remote: Counting objects: 100% (23/23), done.
remote: Compressing objects: 100% (19/19), done.
remote: Total 20 (delta 7), reused 8 (delta 0), pack-reused 0 (from 0)
Unpacking objects: 100% (20/20), 4.95 KiB | 72.00 KiB/s, done.
From https://github.com/hue2007/26_TRAN_THU_HUE_bai_tap
 * branch            main       -> FETCH_HEAD
   c76a7a9..824956d  main       -> origin/main
Updating ec084df..824956d
Fast-forward
 text_branch_2.txt | 1 +
 text_branch_3.txt | 1 +
 text_branch_4.txt | 1 +
 3 files changed, 3 insertions(+)
 create mode 100644 text_branch_2.txt
 create mode 100644 text_branch_3.txt
 create mode 100644 text_branch_4.txt

Admin@thuhue07 MINGW64 ~/OneDrive/EXCEL/Tài liệu/26_TRAN_THU_HUE_bai_tap (branch_1)
$ git push origin branch_1
Total 0 (delta 0), reused 0 (delta 0), pack-reused 0 (from 0)
To https://github.com/hue2007/26_TRAN_THU_HUE_bai_tap.git
   ec084df..824956d  branch_1 -> branch_1





















