Phamv@DESKTOP-QQQ3CG5 MINGW64 ~/Desktop/07_PHAM-VAN-CHUNG_BAI_TAP- (main)
$ git clone https://github.com/II-Max/07_PHAM-VAN-CHUNG_BAI_TAP-.git
Cloning into '07_PHAM-VAN-CHUNG_BAI_TAP-'...
remote: Enumerating objects: 3, done.
remote: Counting objects: 100% (3/3), done.
remote: Total 3 (delta 0), reused 0 (delta 0), pack-reused 0 (from 0)
Receiving objects: 100% (3/3), done.

Phamv@DESKTOP-QQQ3CG5 MINGW64 ~/Desktop/07_PHAM-VAN-CHUNG_BAI_TAP- (main)
$ cd 07_PHAM-VAN-CHUNG_BAI_TAP-

Phamv@DESKTOP-QQQ3CG5 MINGW64 ~/Desktop/07_PHAM-VAN-CHUNG_BAI_TAP-/07_PHAM-VAN-CHUNG_BAI_TAP- (main)
$ echo "Lorem ipsum dolor sit amet, consectetur adipiscing elit. Integer efficitur, eros at
lacinia suscipit, magna turpis aliquam est, sit amet aliquam quam libero id mi. Ut
vel placerat risus. Sed tempor in ex vitae sodales. Donec et tempor orci. In
pharetra viverra sagittis. Vestibulum risus ante, molestie ac eros efficitur, bibendum
tincidunt turpis. In sit amet tortor gravida, ultricies ante vitae, varius tortor.
Aliquam finibus porta nulla sed gravida. Aliquam ultricies dapibus ante eget
molestie. In hac habitasse platea dictumst. Aliquam aliquam enim at massa
pharetra, et vestibulum sapien consequat. Donec accumsan quis metus at
pellentesque. Morbi quis felis placerat, interdum justo a, aliquam risus." > README.md

Phamv@DESKTOP-QQQ3CG5 MINGW64 ~/Desktop/07_PHAM-VAN-CHUNG_BAI_TAP-/07_PHAM-VAN-CHUNG_BAI_TAP- (main)
$ git add .
warning: in the working copy of 'README.md', LF will be replaced by CRLF the next time Git touches it

Phamv@DESKTOP-QQQ3CG5 MINGW64 ~/Desktop/07_PHAM-VAN-CHUNG_BAI_TAP-/07_PHAM-VAN-CHUNG_BAI_TAP- (main)
$ git commit -m "firstCM"
[main 4602344] firstCM
 1 file changed, 9 insertions(+), 2 deletions(-)

Phamv@DESKTOP-QQQ3CG5 MINGW64 ~/Desktop/07_PHAM-VAN-CHUNG_BAI_TAP-/07_PHAM-VAN-CHUNG_BAI_TAP- (main)
$ git push origin main
Enumerating objects: 5, done.
Counting objects: 100% (5/5), done.
Delta compression using up to 12 threads
Compressing objects: 100% (2/2), done.
Writing objects: 100% (3/3), 622 bytes | 622.00 KiB/s, done.
Total 3 (delta 0), reused 0 (delta 0), pack-reused 0 (from 0)
To https://github.com/II-Max/07_PHAM-VAN-CHUNG_BAI_TAP-.git
   1fd2ed5..4602344  main -> main

Phamv@DESKTOP-QQQ3CG5 MINGW64 ~/Desktop/07_PHAM-VAN-CHUNG_BAI_TAP-/07_PHAM-VAN-CHUNG_BAI_TAP- (main)
$ git branch branch_1 main

Phamv@DESKTOP-QQQ3CG5 MINGW64 ~/Desktop/07_PHAM-VAN-CHUNG_BAI_TAP-/07_PHAM-VAN-CHUNG_BAI_TAP- (main)
$ git checkout branch_1
Switched to branch 'branch_1'

Phamv@DESKTOP-QQQ3CG5 MINGW64 ~/Desktop/07_PHAM-VAN-CHUNG_BAI_TAP-/07_PHAM-VAN-CHUNG_BAI_TAP- (branch_1)
$ echo "Lorem ipsum dolor sit amet, consectetur adipiscing elit." > text_branch_1.txt

Phamv@DESKTOP-QQQ3CG5 MINGW64 ~/Desktop/07_PHAM-VAN-CHUNG_BAI_TAP-/07_PHAM-VAN-CHUNG_BAI_TAP- (branch_1)
$ git branch branch_2 main

Phamv@DESKTOP-QQQ3CG5 MINGW64 ~/Desktop/07_PHAM-VAN-CHUNG_BAI_TAP-/07_PHAM-VAN-CHUNG_BAI_TAP- (branch_1)
$ git checkout branch_2
Switched to branch 'branch_2'

Phamv@DESKTOP-QQQ3CG5 MINGW64 ~/Desktop/07_PHAM-VAN-CHUNG_BAI_TAP-/07_PHAM-VAN-CHUNG_BAI_TAP- (branch_2)
$ echo "Praesent ullamcorper orci eu erat placerat sodales." > text_branch_2.txt

Phamv@DESKTOP-QQQ3CG5 MINGW64 ~/Desktop/07_PHAM-VAN-CHUNG_BAI_TAP-/07_PHAM-VAN-CHUNG_BAI_TAP- (branch_2)
$ git branch branch_3 main

Phamv@DESKTOP-QQQ3CG5 MINGW64 ~/Desktop/07_PHAM-VAN-CHUNG_BAI_TAP-/07_PHAM-VAN-CHUNG_BAI_TAP- (branch_2)
$ git checkout branch_3
Switched to branch 'branch_3'

Phamv@DESKTOP-QQQ3CG5 MINGW64 ~/Desktop/07_PHAM-VAN-CHUNG_BAI_TAP-/07_PHAM-VAN-CHUNG_BAI_TAP- (branch_3)
$ echo "Integer sit amet nisi aliquam, tempor libero quis, cursus erat." > text_branch_3.txt

Phamv@DESKTOP-QQQ3CG5 MINGW64 ~/Desktop/07_PHAM-VAN-CHUNG_BAI_TAP-/07_PHAM-VAN-CHUNG_BAI_TAP- (branch_3)
$ git branch branch_4 main

Phamv@DESKTOP-QQQ3CG5 MINGW64 ~/Desktop/07_PHAM-VAN-CHUNG_BAI_TAP-/07_PHAM-VAN-CHUNG_BAI_TAP- (branch_3)
$ git checkout branch_4
Switched to branch 'branch_4'

Phamv@DESKTOP-QQQ3CG5 MINGW64 ~/Desktop/07_PHAM-VAN-CHUNG_BAI_TAP-/07_PHAM-VAN-CHUNG_BAI_TAP- (branch_4)
$ echo "Cras ac mi nec nisi porta ultrices sed non ante." > text_branch_4.txt

Phamv@DESKTOP-QQQ3CG5 MINGW64 ~/Desktop/07_PHAM-VAN-CHUNG_BAI_TAP-/07_PHAM-VAN-CHUNG_BAI_TAP- (branch_4)
$ git checkout main
Switched to branch 'main'
Your branch is up to date with 'origin/main'.

Phamv@DESKTOP-QQQ3CG5 MINGW64 ~/Desktop/07_PHAM-VAN-CHUNG_BAI_TAP-/07_PHAM-VAN-CHUNG_BAI_TAP- (main)
$ git add .
warning: in the working copy of 'text_branch_1.txt', LF will be replaced by CRLF the next time Git touches it
warning: in the working copy of 'text_branch_2.txt', LF will be replaced by CRLF the next time Git touches it
warning: in the working copy of 'text_branch_3.txt', LF will be replaced by CRLF the next time Git touches it
warning: in the working copy of 'text_branch_4.txt', LF will be replaced by CRLF the next time Git touches it

Phamv@DESKTOP-QQQ3CG5 MINGW64 ~/Desktop/07_PHAM-VAN-CHUNG_BAI_TAP-/07_PHAM-VAN-CHUNG_BAI_TAP- (main)
$ git commit -m "DayDL"
[main fe0a40b] DayDL
 4 files changed, 4 insertions(+)
 create mode 100644 text_branch_1.txt
 create mode 100644 text_branch_2.txt
 create mode 100644 text_branch_3.txt
 create mode 100644 text_branch_4.txt

Phamv@DESKTOP-QQQ3CG5 MINGW64 ~/Desktop/07_PHAM-VAN-CHUNG_BAI_TAP-/07_PHAM-VAN-CHUNG_BAI_TAP- (main)
$ git push origin main
Enumerating objects: 7, done.
Counting objects: 100% (7/7), done.
Delta compression using up to 12 threads
Compressing objects: 100% (5/5), done.
Writing objects: 100% (6/6), 608 bytes | 608.00 KiB/s, done.
Total 6 (delta 0), reused 0 (delta 0), pack-reused 0 (from 0)
To https://github.com/II-Max/07_PHAM-VAN-CHUNG_BAI_TAP-.git
   4602344..fe0a40b  main -> main

Phamv@DESKTOP-QQQ3CG5 MINGW64 ~/Desktop/07_PHAM-VAN-CHUNG_BAI_TAP-/07_PHAM-VAN-CHUNG_BAI_TAP- (main)
$ git push --all origin
Total 0 (delta 0), reused 0 (delta 0), pack-reused 0 (from 0)
To https://github.com/II-Max/07_PHAM-VAN-CHUNG_BAI_TAP-.git
 * [new branch]      branch_1 -> branch_1
 * [new branch]      branch_2 -> branch_2
 * [new branch]      branch_3 -> branch_3
 * [new branch]      branch_4 -> branch_4

Phamv@DESKTOP-QQQ3CG5 MINGW64 ~/Desktop/07_PHAM-VAN-CHUNG_BAI_TAP-/07_PHAM-VAN-CHUNG_BAI_TAP- (main)
$ git branch -d branch_4
Deleted branch branch_4 (was 4602344).

Phamv@DESKTOP-QQQ3CG5 MINGW64 ~/Desktop/07_PHAM-VAN-CHUNG_BAI_TAP-/07_PHAM-VAN-CHUNG_BAI_TAP- (main)
$ git branch -list
error: did you mean `--list` (with two dashes)?

Phamv@DESKTOP-QQQ3CG5 MINGW64 ~/Desktop/07_PHAM-VAN-CHUNG_BAI_TAP-/07_PHAM-VAN-CHUNG_BAI_TAP- (main)
$ git branch --list
  branch_1
  branch_2
  branch_3
* main

Phamv@DESKTOP-QQQ3CG5 MINGW64 ~/Desktop/07_PHAM-VAN-CHUNG_BAI_TAP-/07_PHAM-VAN-CHUNG_BAI_TAP- (main)
$ git push --all origin
Everything up-to-date

Phamv@DESKTOP-QQQ3CG5 MINGW64 ~/Desktop/07_PHAM-VAN-CHUNG_BAI_TAP-/07_PHAM-VAN-CHUNG_BAI_TAP- (main)
$ git push
Everything up-to-date

Phamv@DESKTOP-QQQ3CG5 MINGW64 ~/Desktop/07_PHAM-VAN-CHUNG_BAI_TAP-/07_PHAM-VAN-CHUNG_BAI_TAP- (main)
$ git pull
Already up to date.

Phamv@DESKTOP-QQQ3CG5 MINGW64 ~/Desktop/07_PHAM-VAN-CHUNG_BAI_TAP-/07_PHAM-VAN-CHUNG_BAI_TAP- (main)
$ mkdir main_folder

Phamv@DESKTOP-QQQ3CG5 MINGW64 ~/Desktop/07_PHAM-VAN-CHUNG_BAI_TAP-/07_PHAM-VAN-CHUNG_BAI_TAP- (main)
$ cd main_folder

Phamv@DESKTOP-QQQ3CG5 MINGW64 ~/Desktop/07_PHAM-VAN-CHUNG_BAI_TAP-/07_PHAM-VAN-CHUNG_BAI_TAP-/main_folder (main)
$ echo main_text1.txt
main_text1.txt

Phamv@DESKTOP-QQQ3CG5 MINGW64 ~/Desktop/07_PHAM-VAN-CHUNG_BAI_TAP-/07_PHAM-VAN-CHUNG_BAI_TAP-/main_folder (main)
$ echo main_text2.txt
main_text2.txt

Phamv@DESKTOP-QQQ3CG5 MINGW64 ~/Desktop/07_PHAM-VAN-CHUNG_BAI_TAP-/07_PHAM-VAN-CHUNG_BAI_TAP-/main_folder (main)
$ echo main_text3.txt
main_text3.txt

Phamv@DESKTOP-QQQ3CG5 MINGW64 ~/Desktop/07_PHAM-VAN-CHUNG_BAI_TAP-/07_PHAM-VAN-CHUNG_BAI_TAP-/main_folder (main)
$ git commit -m "oidoioi"
On branch main
Your branch is up to date with 'origin/main'.

nothing to commit, working tree clean

Phamv@DESKTOP-QQQ3CG5 MINGW64 ~/Desktop/07_PHAM-VAN-CHUNG_BAI_TAP-/07_PHAM-VAN-CHUNG_BAI_TAP-/main_folder (main)
$ git push origin main
Everything up-to-date

Phamv@DESKTOP-QQQ3CG5 MINGW64 ~/Desktop/07_PHAM-VAN-CHUNG_BAI_TAP-/07_PHAM-VAN-CHUNG_BAI_TAP-/main_folder (main)
$ git pull origin main
From https://github.com/II-Max/07_PHAM-VAN-CHUNG_BAI_TAP-
 * branch            main       -> FETCH_HEAD
Already up to date.

Phamv@DESKTOP-QQQ3CG5 MINGW64 ~/Desktop/07_PHAM-VAN-CHUNG_BAI_TAP-/07_PHAM-VAN-CHUNG_BAI_TAP-/main_folder (main)
$ git branch branch_5 branch_1

Phamv@DESKTOP-QQQ3CG5 MINGW64 ~/Desktop/07_PHAM-VAN-CHUNG_BAI_TAP-/07_PHAM-VAN-CHUNG_BAI_TAP-/main_folder (main)
$ git checkout branch_5
Switched to branch 'branch_5'

Phamv@DESKTOP-QQQ3CG5 MINGW64 ~/Desktop/07_PHAM-VAN-CHUNG_BAI_TAP-/07_PHAM-VAN-CHUNG_BAI_TAP-/main_folder (branch_5)
$ cd ../

Phamv@DESKTOP-QQQ3CG5 MINGW64 ~/Desktop/07_PHAM-VAN-CHUNG_BAI_TAP-/07_PHAM-VAN-CHUNG_BAI_TAP- (branch_5)
$ echo "Etiam malesuada felis nulla, ac porta dui sollicitudin eget. Mauris hendrerit non
metus eget pellentesque. Etiam ornare ante at pretium hendrerit. Proin molestie
accumsan sapien, ac finibus libero lobortis quis. Praesent ac commodo eros.
Nullam malesuada v el dui nec feugiat. Cras justo ipsum, scelerisque et elit vitae,
porttitor tristique turpis. Nam ut hendrerit est. Nulla sed tincidunt nibh. Class
aptent taciti sociosqu ad litora torquent per conubia nostra, per inceptos
himenaeos. Quisque vitae egestas lacus. Phasellus turpis ante, euismod quis
pellentesque et, pharetra id ligula. Vestibulum mattis sem ac ligula auctor viverra.
Phasellus dignissim mollis leo, vitae tristique enim." > text_branch_1.txt

Phamv@DESKTOP-QQQ3CG5 MINGW64 ~/Desktop/07_PHAM-VAN-CHUNG_BAI_TAP-/07_PHAM-VAN-CHUNG_BAI_TAP- (branch_5)
$ git checkout branch_1
Switched to branch 'branch_1'

Phamv@DESKTOP-QQQ3CG5 MINGW64 ~/Desktop/07_PHAM-VAN-CHUNG_BAI_TAP-/07_PHAM-VAN-CHUNG_BAI_TAP- (branch_1)
$ git pull origin branch_1
From https://github.com/II-Max/07_PHAM-VAN-CHUNG_BAI_TAP-
 * branch            branch_1   -> FETCH_HEAD
Already up to date.

Phamv@DESKTOP-QQQ3CG5 MINGW64 ~/Desktop/07_PHAM-VAN-CHUNG_BAI_TAP-/07_PHAM-VAN-CHUNG_BAI_TAP- (branch_1)
$ git merge branch_5
Already up to date.

Phamv@DESKTOP-QQQ3CG5 MINGW64 ~/Desktop/07_PHAM-VAN-CHUNG_BAI_TAP-/07_PHAM-VAN-CHUNG_BAI_TAP- (branch_1)
$ git push origin branch_1
Everything up-to-date

Phamv@DESKTOP-QQQ3CG5 MINGW64 ~/Desktop/07_PHAM-VAN-CHUNG_BAI_TAP-/07_PHAM-VAN-CHUNG_BAI_TAP- (branch_1)
$ git branch -d branch_5
Deleted branch branch_5 (was 4602344).

Phamv@DESKTOP-QQQ3CG5 MINGW64 ~/Desktop/07_PHAM-VAN-CHUNG_BAI_TAP-/07_PHAM-VAN-CHUNG_BAI_TAP- (branch_1)
$ git checkout main
error: The following untracked working tree files would be overwritten by checkout:
        text_branch_1.txt
Please move or remove them before you switch branches.
Aborting
g
Phamv@DESKTOP-QQQ3CG5 MINGW64 ~/Desktop/07_PHAM-VAN-CHUNG_BAI_TAP-/07_PHAM-VAN-CHUNG_BAI_TAP- (branch_1)
$ git push origin main
Everything up-to-date

Phamv@DESKTOP-QQQ3CG5 MINGW64 ~/Desktop/07_PHAM-VAN-CHUNG_BAI_TAP-/07_PHAM-VAN-CHUNG_BAI_TAP- (branch_1)
$ git branch-e
git: 'branch-e' is not a git command. See 'git --help'.

Phamv@DESKTOP-QQQ3CG5 MINGW64 ~/Desktop/07_PHAM-VAN-CHUNG_BAI_TAP-/07_PHAM-VAN-CHUNG_BAI_TAP- (branch_1)
$ git branch -e
error: unknown switch `e'
usage: git branch [<options>] [-r | -a] [--merged] [--no-merged]
   or: git branch [<options>] [-f] [--recurse-submodules] <branch-name> [<start-point>]
   or: git branch [<options>] [-l] [<pattern>...]
   or: git branch [<options>] [-r] (-d | -D) <branch-name>...
   or: git branch [<options>] (-m | -M) [<old-branch>] <new-branch>
   or: git branch [<options>] (-c | -C) [<old-branch>] <new-branch>
   or: git branch [<options>] [-r | -a] [--points-at]
   or: git branch [<options>] [-r | -a] [--format]

Generic options
    -v, --[no-]verbose    show hash and subject, give twice for upstream branch
    -q, --[no-]quiet      suppress informational messages
    -t, --[no-]track[=(direct|inherit)]
                          set branch tracking configuration
    -u, --[no-]set-upstream-to <upstream>
                          change the upstream info
    --[no-]unset-upstream unset the upstream info
    --[no-]color[=<when>] use colored output
    -r, --remotes         act on remote-tracking branches
    --contains <commit>   print only branches that contain the commit
    --no-contains <commit>
                          print only branches that don't contain the commit
    --[no-]abbrev[=<n>]   use <n> digits to display object names

Specific git-branch actions:
    -a, --all             list both remote-tracking and local branches
    -d, --[no-]delete     delete fully merged branch
    -D                    delete branch (even if not merged)
    -m, --[no-]move       move/rename a branch and its reflog
    -M                    move/rename a branch, even if target exists
    --[no-]omit-empty     do not output a newline after empty formatted refs
    -c, --[no-]copy       copy a branch and its reflog
    -C                    copy a branch, even if target exists
    -l, --[no-]list       list branch names
    --[no-]show-current   show current branch name
    --[no-]create-reflog  create the branch's reflog
    --[no-]edit-description
                          edit the description for the branch
    -f, --[no-]force      force creation, move/rename, deletion
    --merged <commit>     print only branches that are merged
    --no-merged <commit>  print only branches that are not merged
    --[no-]column[=<style>]
                          list branches in columns
    --[no-]sort <key>     field name to sort on
    --[no-]points-at <object>
                          print only branches of the object
    -i, --[no-]ignore-case
                          sorting and filtering are case insensitive
    --[no-]recurse-submodules
                          recurse through submodules
    --[no-]format <format>
                          format to use for the output


Phamv@DESKTOP-QQQ3CG5 MINGW64 ~/Desktop/07_PHAM-VAN-CHUNG_BAI_TAP-/07_PHAM-VAN-CHUNG_BAI_TAP- (branch_1)
$ git branch -a
* branch_1
  branch_2
  branch_3
  main
  remotes/origin/HEAD -> origin/main
  remotes/origin/branch_1
  remotes/origin/branch_2
  remotes/origin/branch_3
  remotes/origin/branch_4
  remotes/origin/main

Phamv@DESKTOP-QQQ3CG5 MINGW64 ~/Desktop/07_PHAM-VAN-CHUNG_BAI_TAP-/07_PHAM-VAN-CHUNG_BAI_TAP- (branch_1)
$ git merge main
Updating 4602344..fe0a40b
error: The following untracked working tree files would be overwritten by merge:
        text_branch_1.txt
Please move or remove them before you merge.
Aborting

Phamv@DESKTOP-QQQ3CG5 MINGW64 ~/Desktop/07_PHAM-VAN-CHUNG_BAI_TAP-/07_PHAM-VAN-CHUNG_BAI_TAP- (branch_1)
$ git checkout main
error: The following untracked working tree files would be overwritten by checkout:
        text_branch_1.txt
Please move or remove them before you switch branches.
Aborting

Phamv@DESKTOP-QQQ3CG5 MINGW64 ~/Desktop/07_PHAM-VAN-CHUNG_BAI_TAP-/07_PHAM-VAN-CHUNG_BAI_TAP- (branch_1)
$ git status
On branch branch_1
Untracked files:
  (use "git add <file>..." to include in what will be committed)
        text_branch_1.txt

nothing added to commit but untracked files present (use "git add" to track)

Phamv@DESKTOP-QQQ3CG5 MINGW64 ~/Desktop/07_PHAM-VAN-CHUNG_BAI_TAP-/07_PHAM-VAN-CHUNG_BAI_TAP- (branch_1)
$ git add .
warning: in the working copy of 'text_branch_1.txt', LF will be replaced by CRLF the next time Git touches it

Phamv@DESKTOP-QQQ3CG5 MINGW64 ~/Desktop/07_PHAM-VAN-CHUNG_BAI_TAP-/07_PHAM-VAN-CHUNG_BAI_TAP- (branch_1)
$ git commit -m "getout"
[branch_1 1414499] getout
 1 file changed, 9 insertions(+)
 create mode 100644 text_branch_1.txt

Phamv@DESKTOP-QQQ3CG5 MINGW64 ~/Desktop/07_PHAM-VAN-CHUNG_BAI_TAP-/07_PHAM-VAN-CHUNG_BAI_TAP- (branch_1)
$ git push origin main
Everything up-to-date

Phamv@DESKTOP-QQQ3CG5 MINGW64 ~/Desktop/07_PHAM-VAN-CHUNG_BAI_TAP-/07_PHAM-VAN-CHUNG_BAI_TAP- (branch_1)
$ git checkout main
Switched to branch 'main'
Your branch is up to date with 'origin/main'.

Phamv@DESKTOP-QQQ3CG5 MINGW64 ~/Desktop/07_PHAM-VAN-CHUNG_BAI_TAP-/07_PHAM-VAN-CHUNG_BAI_TAP- (main)
$ git checkout branch_1
Switched to branch 'branch_1'

Phamv@DESKTOP-QQQ3CG5 MINGW64 ~/Desktop/07_PHAM-VAN-CHUNG_BAI_TAP-/07_PHAM-VAN-CHUNG_BAI_TAP- (branch_1)
$ git marge main
git: 'marge' is not a git command. See 'git --help'.

The most similar command is
        merge

Phamv@DESKTOP-QQQ3CG5 MINGW64 ~/Desktop/07_PHAM-VAN-CHUNG_BAI_TAP-/07_PHAM-VAN-CHUNG_BAI_TAP- (branch_1)
$ git merge main
Auto-merging text_branch_1.txt
CONFLICT (add/add): Merge conflict in text_branch_1.txt
Automatic merge failed; fix conflicts and then commit the result.

Phamv@DESKTOP-QQQ3CG5 MINGW64 ~/Desktop/07_PHAM-VAN-CHUNG_BAI_TAP-/07_PHAM-VAN-CHUNG_BAI_TAP- (branch_1|MERGING)
$ git merge main
error: Merging is not possible because you have unmerged files.
hint: Fix them up in the work tree, and then use 'git add/rm <file>'
hint: as appropriate to mark resolution and make a commit.
fatal: Exiting because of an unresolved conflict.

Phamv@DESKTOP-QQQ3CG5 MINGW64 ~/Desktop/07_PHAM-VAN-CHUNG_BAI_TAP-/07_PHAM-VAN-CHUNG_BAI_TAP- (branch_1|MERGING)
$ git status
On branch branch_1
You have unmerged paths.
  (fix conflicts and run "git commit")
  (use "git merge --abort" to abort the merge)

Changes to be committed:
        new file:   text_branch_2.txt
        new file:   text_branch_3.txt
        new file:   text_branch_4.txt

Unmerged paths:
  (use "git add <file>..." to mark resolution)
        both added:      text_branch_1.txt


Phamv@DESKTOP-QQQ3CG5 MINGW64 ~/Desktop/07_PHAM-VAN-CHUNG_BAI_TAP-/07_PHAM-VAN-CHUNG_BAI_TAP- (branch_1|MERGING)
$ git add .

Phamv@DESKTOP-QQQ3CG5 MINGW64 ~/Desktop/07_PHAM-VAN-CHUNG_BAI_TAP-/07_PHAM-VAN-CHUNG_BAI_TAP- (branch_1|MERGING)
$ git status
On branch branch_1
All conflicts fixed but you are still merging.
  (use "git commit" to conclude merge)

Changes to be committed:
        modified:   text_branch_1.txt
        new file:   text_branch_2.txt
        new file:   text_branch_3.txt
        new file:   text_branch_4.txt


Phamv@DESKTOP-QQQ3CG5 MINGW64 ~/Desktop/07_PHAM-VAN-CHUNG_BAI_TAP-/07_PHAM-VAN-CHUNG_BAI_TAP- (branch_1|MERGING)
$ git merge main
fatal: You have not concluded your merge (MERGE_HEAD exists).
Please, commit your changes before you merge.

Phamv@DESKTOP-QQQ3CG5 MINGW64 ~/Desktop/07_PHAM-VAN-CHUNG_BAI_TAP-/07_PHAM-VAN-CHUNG_BAI_TAP- (branch_1|MERGING)
$ git commit -m "oidoioi"
[branch_1 c2e02ad] oidoioi

Phamv@DESKTOP-QQQ3CG5 MINGW64 ~/Desktop/07_PHAM-VAN-CHUNG_BAI_TAP-/07_PHAM-VAN-CHUNG_BAI_TAP- (branch_1)
$ git push origin main
Everything up-to-date

Phamv@DESKTOP-QQQ3CG5 MINGW64 ~/Desktop/07_PHAM-VAN-CHUNG_BAI_TAP-/07_PHAM-VAN-CHUNG_BAI_TAP- (branch_1)
$ git merge main
Already up to date.

Phamv@DESKTOP-QQQ3CG5 MINGW64 ~/Desktop/07_PHAM-VAN-CHUNG_BAI_TAP-/07_PHAM-VAN-CHUNG_BAI_TAP- (branch_1)
$ git checkout branch_2
Switched to branch 'branch_2'

Phamv@DESKTOP-QQQ3CG5 MINGW64 ~/Desktop/07_PHAM-VAN-CHUNG_BAI_TAP-/07_PHAM-VAN-CHUNG_BAI_TAP- (branch_2)
$ git merge main
Updating 4602344..fe0a40b
Fast-forward
 text_branch_1.txt | 1 +
 text_branch_2.txt | 1 +
 text_branch_3.txt | 1 +
 text_branch_4.txt | 1 +
 4 files changed, 4 insertions(+)
 create mode 100644 text_branch_1.txt
 create mode 100644 text_branch_2.txt
 create mode 100644 text_branch_3.txt
 create mode 100644 text_branch_4.txt

Phamv@DESKTOP-QQQ3CG5 MINGW64 ~/Desktop/07_PHAM-VAN-CHUNG_BAI_TAP-/07_PHAM-VAN-CHUNG_BAI_TAP- (branch_2)
$ git commit -m "gop"
On branch branch_2
nothing to commit, working tree clean

Phamv@DESKTOP-QQQ3CG5 MINGW64 ~/Desktop/07_PHAM-VAN-CHUNG_BAI_TAP-/07_PHAM-VAN-CHUNG_BAI_TAP- (branch_2)
$ git push origin main
Everything up-to-date

Phamv@DESKTOP-QQQ3CG5 MINGW64 ~/Desktop/07_PHAM-VAN-CHUNG_BAI_TAP-/07_PHAM-VAN-CHUNG_BAI_TAP- (branch_2)
$ git checkout branch_3
Switched to branch 'branch_3'

Phamv@DESKTOP-QQQ3CG5 MINGW64 ~/Desktop/07_PHAM-VAN-CHUNG_BAI_TAP-/07_PHAM-VAN-CHUNG_BAI_TAP- (branch_3)
$ git merge main
Updating 4602344..fe0a40b
Fast-forward
 text_branch_1.txt | 1 +
 text_branch_2.txt | 1 +
 text_branch_3.txt | 1 +
 text_branch_4.txt | 1 +
 4 files changed, 4 insertions(+)
 create mode 100644 text_branch_1.txt
 create mode 100644 text_branch_2.txt
 create mode 100644 text_branch_3.txt
 create mode 100644 text_branch_4.txt

Phamv@DESKTOP-QQQ3CG5 MINGW64 ~/Desktop/07_PHAM-VAN-CHUNG_BAI_TAP-/07_PHAM-VAN-CHUNG_BAI_TAP- (branch_3)
$ git commit -m "gop"
On branch branch_3
nothing to commit, working tree clean

Phamv@DESKTOP-QQQ3CG5 MINGW64 ~/Desktop/07_PHAM-VAN-CHUNG_BAI_TAP-/07_PHAM-VAN-CHUNG_BAI_TAP- (branch_3)
$ git push origin main
Everything up-to-date

Phamv@DESKTOP-QQQ3CG5 MINGW64 ~/Desktop/07_PHAM-VAN-CHUNG_BAI_TAP-/07_PHAM-VAN-CHUNG_BAI_TAP- (branch_3)
$ git branch -a
  branch_1
  branch_2
* branch_3
  main
  remotes/origin/HEAD -> origin/main
  remotes/origin/branch_1
  remotes/origin/branch_2
  remotes/origin/branch_3
  remotes/origin/branch_4
  remotes/origin/main

Phamv@DESKTOP-QQQ3CG5 MINGW64 ~/Desktop/07_PHAM-VAN-CHUNG_BAI_TAP-/07_PHAM-VAN-CHUNG_BAI_TAP- (branch_3)
$ git checkout branch_4
branch 'branch_4' set up to track 'origin/branch_4'.
Switched to a new branch 'branch_4'
Phamv@DESKTOP-QQQ3CG5 MINGW64 ~/Desktop/07_PHAM-VAN-CHUNG_BAI_TAP-/07_PHAM-VAN-CHUNG_BAI_TAP- (branch_4)
$ git merge main
Updating 4602344..fe0a40b
Fast-forward
 text_branch_1.txt | 1 +
 text_branch_2.txt | 1 +
 text_branch_3.txt | 1 +
 text_branch_4.txt | 1 +
 4 files changed, 4 insertions(+)
 create mode 100644 text_branch_1.txt
 create mode 100644 text_branch_2.txt
 create mode 100644 text_branch_3.txt
 create mode 100644 text_branch_4.txt

Phamv@DESKTOP-QQQ3CG5 MINGW64 ~/Desktop/07_PHAM-VAN-CHUNG_BAI_TAP-/07_PHAM-VAN-CHUNG_BAI_TAP- (branch_4)
$ git commit -m "gop"
On branch branch_4
Your branch is ahead of 'origin/branch_4' by 1 commit.
  (use "git push" to publish your local commits)

nothing to commit, working tree clean

Phamv@DESKTOP-QQQ3CG5 MINGW64 ~/Desktop/07_PHAM-VAN-CHUNG_BAI_TAP-/07_PHAM-VAN-CHUNG_BAI_TAP- (branch_4)
$ git push origin main
Everything up-to-date

Phamv@DESKTOP-QQQ3CG5 MINGW64 ~/Desktop/07_PHAM-VAN-CHUNG_BAI_TAP-/07_PHAM-VAN-CHUNG_BAI_TAP- (branch_4)
$ git checkout main
Switched to branch 'main'
Your branch is up to date with 'origin/main'.

Phamv@DESKTOP-QQQ3CG5 MINGW64 ~/Desktop/07_PHAM-VAN-CHUNG_BAI_TAP-/07_PHAM-VAN-CHUNG_BAI_TAP- (main)
$ git branch --all push
fatal: the -a, and -r, options to 'git branch' do not take a branch name.
Did you mean to use: -a|-r --list <pattern>?

Phamv@DESKTOP-QQQ3CG5 MINGW64 ~/Desktop/07_PHAM-VAN-CHUNG_BAI_TAP-/07_PHAM-VAN-CHUNG_BAI_TAP- (main)
$ git status
On branch main
Your branch is up to date with 'origin/main'.

nothing to commit, working tree clean

Phamv@DESKTOP-QQQ3CG5 MINGW64 ~/Desktop/07_PHAM-VAN-CHUNG_BAI_TAP-/07_PHAM-VAN-CHUNG_BAI_TAP- (main)
$ git branch -d branch_2
Deleted branch branch_2 (was fe0a40b).

Phamv@DESKTOP-QQQ3CG5 MINGW64 ~/Desktop/07_PHAM-VAN-CHUNG_BAI_TAP-/07_PHAM-VAN-CHUNG_BAI_TAP- (main)
$ git branch -d branch_3
Deleted branch branch_3 (was fe0a40b).

Phamv@DESKTOP-QQQ3CG5 MINGW64 ~/Desktop/07_PHAM-VAN-CHUNG_BAI_TAP-/07_PHAM-VAN-CHUNG_BAI_TAP- (main)
$ git branch -d branch_4
warning: not deleting branch 'branch_4' that is not yet merged to
         'refs/remotes/origin/branch_4', even though it is merged to HEAD
error: the branch 'branch_4' is not fully merged
hint: If you are sure you want to delete it, run 'git branch -D branch_4'
hint: Disable this message with "git config set advice.forceDeleteBranch false"

Phamv@DESKTOP-QQQ3CG5 MINGW64 ~/Desktop/07_PHAM-VAN-CHUNG_BAI_TAP-/07_PHAM-VAN-CHUNG_BAI_TAP- (main)
$ git checkout branch_4
Switched to branch 'branch_4'
Your branch is ahead of 'origin/branch_4' by 1 commit.
  (use "git push" to publish your local commits)

Phamv@DESKTOP-QQQ3CG5 MINGW64 ~/Desktop/07_PHAM-VAN-CHUNG_BAI_TAP-/07_PHAM-VAN-CHUNG_BAI_TAP- (branch_4)
$ git merge main
Already up to date.

Phamv@DESKTOP-QQQ3CG5 MINGW64 ~/Desktop/07_PHAM-VAN-CHUNG_BAI_TAP-/07_PHAM-VAN-CHUNG_BAI_TAP- (branch_4)
$ git commit -m "gop"
On branch branch_4
Your branch is ahead of 'origin/branch_4' by 1 commit.
  (use "git push" to publish your local commits)

nothing to commit, working tree clean

Phamv@DESKTOP-QQQ3CG5 MINGW64 ~/Desktop/07_PHAM-VAN-CHUNG_BAI_TAP-/07_PHAM-VAN-CHUNG_BAI_TAP- (branch_4)
$ git push origin main
Everything up-to-date

Phamv@DESKTOP-QQQ3CG5 MINGW64 ~/Desktop/07_PHAM-VAN-CHUNG_BAI_TAP-/07_PHAM-VAN-CHUNG_BAI_TAP- (branch_4)
$ git checkout main
Switched to branch 'main'
Your branch is up to date with 'origin/main'.

Phamv@DESKTOP-QQQ3CG5 MINGW64 ~/Desktop/07_PHAM-VAN-CHUNG_BAI_TAP-/07_PHAM-VAN-CHUNG_BAI_TAP- (main)
$ git branch -d branch_4
warning: not deleting branch 'branch_4' that is not yet merged to
         'refs/remotes/origin/branch_4', even though it is merged to HEAD
error: the branch 'branch_4' is not fully merged
hint: If you are sure you want to delete it, run 'git branch -D branch_4'
hint: Disable this message with "git config set advice.forceDeleteBranch false"

Phamv@DESKTOP-QQQ3CG5 MINGW64 ~/Desktop/07_PHAM-VAN-CHUNG_BAI_TAP-/07_PHAM-VAN-CHUNG_BAI_TAP- (main)
$ git branch -D branch_4
Deleted branch branch_4 (was fe0a40b).

Phamv@DESKTOP-QQQ3CG5 MINGW64 ~/Desktop/07_PHAM-VAN-CHUNG_BAI_TAP-/07_PHAM-VAN-CHUNG_BAI_TAP- (main)
$ git push
Everything up-to-date

Phamv@DESKTOP-QQQ3CG5 MINGW64 ~/Desktop/07_PHAM-VAN-CHUNG_BAI_TAP-/07_PHAM-VAN-CHUNG_BAI_TAP- (main)
$ git fetch

Phamv@DESKTOP-QQQ3CG5 MINGW64 ~/Desktop/07_PHAM-VAN-CHUNG_BAI_TAP-/07_PHAM-VAN-CHUNG_BAI_TAP- (main)
$ git pull
Already up to date.

Phamv@DESKTOP-QQQ3CG5 MINGW64 ~/Desktop/07_PHAM-VAN-CHUNG_BAI_TAP-/07_PHAM-VAN-CHUNG_BAI_TAP- (main)
$ git checkout branch_1
Switched to branch 'branch_1'

Phamv@DESKTOP-QQQ3CG5 MINGW64 ~/Desktop/07_PHAM-VAN-CHUNG_BAI_TAP-/07_PHAM-VAN-CHUNG_BAI_TAP- (branch_1)
$ git merge main
Already up to date.

Phamv@DESKTOP-QQQ3CG5 MINGW64 ~/Desktop/07_PHAM-VAN-CHUNG_BAI_TAP-/07_PHAM-VAN-CHUNG_BAI_TAP- (branch_1)
$ git add .

Phamv@DESKTOP-QQQ3CG5 MINGW64 ~/Desktop/07_PHAM-VAN-CHUNG_BAI_TAP-/07_PHAM-VAN-CHUNG_BAI_TAP- (branch_1)
$ git commit -m "done"
On branch branch_1
nothing to commit, working tree clean

Phamv@DESKTOP-QQQ3CG5 MINGW64 ~/Desktop/07_PHAM-VAN-CHUNG_BAI_TAP-/07_PHAM-VAN-CHUNG_BAI_TAP- (branch_1)
$ git push origin branch_1
Enumerating objects: 9, done.
Counting objects: 100% (9/9), done.
Delta compression using up to 12 threads
Compressing objects: 100% (6/6), done.
Writing objects: 100% (6/6), 935 bytes | 935.00 KiB/s, done.
Total 6 (delta 2), reused 0 (delta 0), pack-reused 0 (from 0)
remote: Resolving deltas: 100% (2/2), completed with 1 local object.
To https://github.com/II-Max/07_PHAM-VAN-CHUNG_BAI_TAP-.git
   4602344..c2e02ad  branch_1 -> branch_1

Phamv@DESKTOP-QQQ3CG5 MINGW64 ~/Desktop/07_PHAM-VAN-CHUNG_BAI_TAP-/07_PHAM-VAN-CHUNG_BAI_TAP- (branch_1)
$ git push origin --delete
fatal: --delete doesn't make sense without any refs

Phamv@DESKTOP-QQQ3CG5 MINGW64 ~/Desktop/07_PHAM-VAN-CHUNG_BAI_TAP-/07_PHAM-VAN-CHUNG_BAI_TAP- (branch_1)
$ git push origin -delete
error: did you mean `--delete` (with two dashes)?

Phamv@DESKTOP-QQQ3CG5 MINGW64 ~/Desktop/07_PHAM-VAN-CHUNG_BAI_TAP-/07_PHAM-VAN-CHUNG_BAI_TAP- (branch_1)
$ git push origin --delete
fatal: --delete doesn't make sense without any refs

Phamv@DESKTOP-QQQ3CG5 MINGW64 ~/Desktop/07_PHAM-VAN-CHUNG_BAI_TAP-/07_PHAM-VAN-CHUNG_BAI_TAP- (branch_1)
$ git push origin --delete branch_2
To https://github.com/II-Max/07_PHAM-VAN-CHUNG_BAI_TAP-.git
 - [deleted]         branch_2

Phamv@DESKTOP-QQQ3CG5 MINGW64 ~/Desktop/07_PHAM-VAN-CHUNG_BAI_TAP-/07_PHAM-VAN-CHUNG_BAI_TAP- (branch_1)
$ git push origin --delete branch_3
To https://github.com/II-Max/07_PHAM-VAN-CHUNG_BAI_TAP-.git
 - [deleted]         branch_3

Phamv@DESKTOP-QQQ3CG5 MINGW64 ~/Desktop/07_PHAM-VAN-CHUNG_BAI_TAP-/07_PHAM-VAN-CHUNG_BAI_TAP- (branch_1)
$ git push origin --delete branch_4
To https://github.com/II-Max/07_PHAM-VAN-CHUNG_BAI_TAP-.git
 - [deleted]         branch_4

Phamv@DESKTOP-QQQ3CG5 MINGW64 ~/Desktop/07_PHAM-VAN-CHUNG_BAI_TAP-/07_PHAM-VAN-CHUNG_BAI_TAP- (branch_1)
$ git checkout main
Switched to branch 'main'
Your branch is up to date with 'origin/main'.

Phamv@DESKTOP-QQQ3CG5 MINGW64 ~/Desktop/07_PHAM-VAN-CHUNG_BAI_TAP-/07_PHAM-VAN-CHUNG_BAI_TAP- (main)
$ git status
On branch main
Your branch is up to date with 'origin/main'.

nothing to commit, working tree clean

Phamv@DESKTOP-QQQ3CG5 MINGW64 ~/Desktop/07_PHAM-VAN-CHUNG_BAI_TAP-/07_PHAM-VAN-CHUNG_BAI_TAP- (main)
$ git add .

Phamv@DESKTOP-QQQ3CG5 MINGW64 ~/Desktop/07_PHAM-VAN-CHUNG_BAI_TAP-/07_PHAM-VAN-CHUNG_BAI_TAP- (main)
$ git commit -m "lancuoiroinhe"
On branch main
Your branch is up to date with 'origin/main'.

nothing to commit, working tree clean

Phamv@DESKTOP-QQQ3CG5 MINGW64 ~/Desktop/07_PHAM-VAN-CHUNG_BAI_TAP-/07_PHAM-VAN-CHUNG_BAI_TAP- (main)
$ git push -u origin main
branch 'main' set up to track 'origin/main'.
Everything up-to-date

Phamv@DESKTOP-QQQ3CG5 MINGW64 ~/Desktop/07_PHAM-VAN-CHUNG_BAI_TAP-/07_PHAM-VAN-CHUNG_BAI_TAP- (main)
$ Phamv@DESKTOP-QQQ3CG5 MINGW64 ~/Desktop/07_PHAM-VAN-CHUNG_BAI_TAP-/07_PHAM-VAN-CHUNG_BAI_TAP- (branch_1)
$ git push origin -delete
error: did you mean `--delete` (with two dashes)?

Phamv@DESKTOP-QQQ3CG5 MINGW64 ~/Desktop/07_PHAM-VAN-CHUNG_BAI_TAP-/07_PHAM-VAN-CHUNG_BAI_TAP- (branch_1)
$ git push origin --delete
fatal: --delete doesn't make sense without any refs

Phamv@DESKTOP-QQQ3CG5 MINGW64 ~/Desktop/07_PHAM-VAN-CHUNG_BAI_TAP-/07_PHAM-VAN-CHUNG_BAI_TAP- (branch_1)
$ git push origin --delete branch_2
To https://github.com/II-Max/07_PHAM-VAN-CHUNG_BAI_TAP-.git
 - [deleted]         branch_2

Phamv@DESKTOP-QQQ3CG5 MINGW64 ~/Desktop/07_PHAM-VAN-CHUNG_BAI_TAP-/07_PHAM-VAN-CHUNG_BAI_TAP- (branch_1)
$ git push origin --delete branch_3
To https://github.com/II-Max/07_PHAM-VAN-CHUNG_BAI_TAP-.git
 - [deleted]         branch_3

Phamv@DESKTOP-QQQ3CG5 MINGW64 ~/Desktop/07_PHAM-VAN-CHUNG_BAI_TAP-/07_PHAM-VAN-CHUNG_BAI_TAP- (branch_1)
$ git push origin --delete branch_4
To https://github.com/II-Max/07_PHAM-VAN-CHUNG_BAI_TAP-.git
 - [deleted]         branch_4

Phamv@DESKTOP-QQQ3CG5 MINGW64 ~/Desktop/07_PHAM-VAN-CHUNG_BAI_TAP-/07_PHAM-VAN-CHUNG_BAI_TAP- (branch_1)
$ git checkout main
Switched to branch 'main'
Your branch is up to date with 'origin/main'.

Phamv@DESKTOP-QQQ3CG5 MINGW64 ~/Desktop/07_PHAM-VAN-CHUNG_BAI_TAP-/07_PHAM-VAN-CHUNG_BAI_TAP- (main)
$ git status
On branch main
Your branch is up to date with 'origin/main'.

nothing to commit, working tree clean

Phamv@DESKTOP-QQQ3CG5 MINGW64 ~/Desktop/07_PHAM-VAN-CHUNG_BAI_TAP-/07_PHAM-VAN-CHUNG_BAI_TAP- (main)
$ git add .

Phamv@DESKTOP-QQQ3CG5 MINGW64 ~/Desktop/07_PHAM-VAN-CHUNG_BAI_TAP-/07_PHAM-VAN-CHUNG_BAI_TAP- (main)
$ git commit -m "lancuoiroinhe"
On branch main
Your branch is up to date with 'origin/main'.

nothing to commit, working tree clean

Phamv@DESKTOP-QQQ3CG5 MINGW64 ~/Desktop/07_PHAM-VAN-CHUNG_BAI_TAP-/07_PHAM-VAN-CHUNG_BAI_TAP- (main)
$ git push -u origin main
branch 'main' set up to track 'origin/main'.
Everything up-to-date

Phamv@DESKTOP-QQQ3CG5 MINGW64 ~/Desktop/07_PHAM-VAN-CHUNG_BAI_TAP-/07_PHAM-VAN-CHUNG_BAI_TAP- (main)
$ git commit -m "lancuoiroinhe"
On branch main
Your branch is up to date with 'origin/main'.

nothing to commit, working tree clean

Phamv@DESKTOP-QQQ3CG5 MINGW64 ~/Desktop/07_PHAM-VAN-CHUNG_BAI_TAP-/07_PHAM-VAN-CHUNG_BAI_TAP- (main)
$ git push -u origin main
