#Bài 1
Laptop@DESKTOP-C4HBMQE MINGW64 ~
$ git clone https://github.com/NguyenA2007/35_Nguyen_Trung_Nguyen_bai_tap.git
Cloning into '35_Nguyen_Trung_Nguyen_bai_tap'...
remote: Enumerating objects: 3, done.
remote: Counting objects: 100% (3/3), done.
remote: Total 3 (delta 0), reused 0 (delta 0), pack-reused 0 (from 0)
Receiving objects: 100% (3/3), done.

Laptop@DESKTOP-C4HBMQE MINGW64 ~
$ cd 35_Nguyen_Trung_Nguyen_bai_tap

Laptop@DESKTOP-C4HBMQE MINGW64 ~/35_Nguyen_Trung_Nguyen_bai_tap (main)
$ ls
README.md

#Bài 2
Laptop@DESKTOP-C4HBMQE MINGW64 ~
$ cd ~/35_Nguyen_Trung_Nguyen_bai_tap

Laptop@DESKTOP-C4HBMQE MINGW64 ~/35_Nguyen_Trung_Nguyen_bai_tap (main)
$ notepad README.md

Laptop@DESKTOP-C4HBMQE MINGW64 ~/35_Nguyen_Trung_Nguyen_bai_tap (main)
$ git status
On branch main
Your branch is up to date with 'origin/main'.

Changes not staged for commit:
  (use "git add <file>..." to update what will be committed)
  (use "git restore <file>..." to discard changes in working directory)
        modified:   README.md

no changes added to commit (use "git add" and/or "git commit -a")

Laptop@DESKTOP-C4HBMQE MINGW64 ~/35_Nguyen_Trung_Nguyen_bai_tap (main)
$ git add README.md
warning: in the working copy of 'README.md', CRLF will be replaced by LF the next time Git touches it

Laptop@DESKTOP-C4HBMQE MINGW64 ~/35_Nguyen_Trung_Nguyen_bai_tap (main)
$ git commit -m "Hoan thanh bai 2"
[main e952e5c] Hoan thanh bai 2
 1 file changed, 18 insertions(+), 1 deletion(-)

Laptop@DESKTOP-C4HBMQE MINGW64 ~/35_Nguyen_Trung_Nguyen_bai_tap (main)
$ git push origin main
info: please complete authentication in your browser...
Enumerating objects: 5, done.
Counting objects: 100% (5/5), done.
Delta compression using up to 16 threads
Compressing objects: 100% (2/2), done.
Writing objects: 100% (3/3), 644 bytes | 644.00 KiB/s, done.
Total 3 (delta 0), reused 0 (delta 0), pack-reused 0 (from 0)
To https://github.com/NguyenA2007/35_Nguyen_Trung_Nguyen_bai_tap.git
   3f85406..e952e5c  main -> main

#Bài3 
Laptop@DESKTOP-C4HBMQE MINGW64 ~
$ cd ~/35_Nguyen_Trung_Nguyen_bai_tap

Laptop@DESKTOP-C4HBMQE MINGW64 ~/35_Nguyen_Trung_Nguyen_bai_tap (main)
$ git checkout main
Already on 'main'
Your branch is up to date with 'origin/main'.

Laptop@DESKTOP-C4HBMQE MINGW64 ~/35_Nguyen_Trung_Nguyen_bai_tap (main)
$ git checkout -b branch_1
Switched to a new branch 'branch_1'

Laptop@DESKTOP-C4HBMQE MINGW64 ~/35_Nguyen_Trung_Nguyen_bai_tap (branch_1)
$ echo "Lorem ipsum dolor sit amet, consectetur adipiscing elit."
Lorem ipsum dolor sit amet, consectetur adipiscing elit.

Laptop@DESKTOP-C4HBMQE MINGW64 ~/35_Nguyen_Trung_Nguyen_bai_tap (branch_1)
$ git add text_branch_1.txt
fatal: pathspec 'text_branch_1.txt' did not match any files

Laptop@DESKTOP-C4HBMQE MINGW64 ~/35_Nguyen_Trung_Nguyen_bai_tap (branch_1)
$ git commit -m "commit nhanh 1"
On branch branch_1
nothing to commit, working tree clean

Laptop@DESKTOP-C4HBMQE MINGW64 ~/35_Nguyen_Trung_Nguyen_bai_tap (branch_1)
$ git push origin branch_1
Total 0 (delta 0), reused 0 (delta 0), pack-reused 0 (from 0)
remote:
remote: Create a pull request for 'branch_1' on GitHub by visiting:
remote:      https://github.com/NguyenA2007/35_Nguyen_Trung_Nguyen_bai_tap/pull/new/branch_1
remote:
To https://github.com/NguyenA2007/35_Nguyen_Trung_Nguyen_bai_tap.git
 * [new branch]      branch_1 -> branch_1

Laptop@DESKTOP-C4HBMQE MINGW64 ~/35_Nguyen_Trung_Nguyen_bai_tap (branch_1)
$ echo "Lorem ipsum dolor sit amet, consectetur adipiscing elit." > text_branch_1.txt

Laptop@DESKTOP-C4HBMQE MINGW64 ~/35_Nguyen_Trung_Nguyen_bai_tap (branch_1)
$ git add text_branch_1.txt

Laptop@DESKTOP-C4HBMQE MINGW64 ~/35_Nguyen_Trung_Nguyen_bai_tap (branch_1)
$ git commit -m "commit nhanh 1"
[branch_1 622d965] commit nhanh 1
 1 file changed, 1 insertion(+)
 create mode 100644 text_branch_1.txt

Laptop@DESKTOP-C4HBMQE MINGW64 ~/35_Nguyen_Trung_Nguyen_bai_tap (branch_1)
$ git push origin branch_1
Enumerating objects: 4, done.
Counting objects: 100% (4/4), done.
Delta compression using up to 16 threads
Compressing objects: 100% (3/3), done.
Writing objects: 100% (3/3), 352 bytes | 352.00 KiB/s, done.
Total 3 (delta 0), reused 0 (delta 0), pack-reused 0 (from 0)
To https://github.com/NguyenA2007/35_Nguyen_Trung_Nguyen_bai_tap.git
   e952e5c..622d965  branch_1 -> branch_1

Laptop@DESKTOP-C4HBMQE MINGW64 ~/35_Nguyen_Trung_Nguyen_bai_tap (branch_1)
$ git checkout main
Switched to branch 'main'
Your branch is up to date with 'origin/main'.

Laptop@DESKTOP-C4HBMQE MINGW64 ~/35_Nguyen_Trung_Nguyen_bai_tap (main)
$ git checkout -b branch_2
Switched to a new branch 'branch_2'

Laptop@DESKTOP-C4HBMQE MINGW64 ~/35_Nguyen_Trung_Nguyen_bai_tap (branch_2)
$ echo "Praesent ullamcorper orci eu erat placerat sodales." > text_branch_2.txt

Laptop@DESKTOP-C4HBMQE MINGW64 ~/35_Nguyen_Trung_Nguyen_bai_tap (branch_2)
$ git add text_branch_2.txt

Laptop@DESKTOP-C4HBMQE MINGW64 ~/35_Nguyen_Trung_Nguyen_bai_tap (branch_2)
$ git commit -m "commit nhanh 2"
[branch_2 13fe560] commit nhanh 2
 1 file changed, 1 insertion(+)
 create mode 100644 text_branch_2.txt

Laptop@DESKTOP-C4HBMQE MINGW64 ~/35_Nguyen_Trung_Nguyen_bai_tap (branch_2)
$ git push origin branch_2
Enumerating objects: 4, done.
Counting objects: 100% (4/4), done.
Delta compression using up to 16 threads
Compressing objects: 100% (3/3), done.
Writing objects: 100% (3/3), 344 bytes | 344.00 KiB/s, done.
Total 3 (delta 0), reused 0 (delta 0), pack-reused 0 (from 0)
remote:
remote: Create a pull request for 'branch_2' on GitHub by visiting:
remote:      https://github.com/NguyenA2007/35_Nguyen_Trung_Nguyen_bai_tap/pull/new/branch_2
remote:
To https://github.com/NguyenA2007/35_Nguyen_Trung_Nguyen_bai_tap.git
 * [new branch]      branch_2 -> branch_2

Laptop@DESKTOP-C4HBMQE MINGW64 ~/35_Nguyen_Trung_Nguyen_bai_tap (branch_2)
$ git checkout main
Switched to branch 'main'
Your branch is up to date with 'origin/main'.

Laptop@DESKTOP-C4HBMQE MINGW64 ~/35_Nguyen_Trung_Nguyen_bai_tap (main)
$ git checkout -b branch_3
Switched to a new branch 'branch_3'

Laptop@DESKTOP-C4HBMQE MINGW64 ~/35_Nguyen_Trung_Nguyen_bai_tap (branch_3)
$ echo "Integer sit amet nisi aliquam, tempor libero quis, cursus erat." > text_branch_3.txt

Laptop@DESKTOP-C4HBMQE MINGW64 ~/35_Nguyen_Trung_Nguyen_bai_tap (branch_3)
$ git add text_branch_3.txt

Laptop@DESKTOP-C4HBMQE MINGW64 ~/35_Nguyen_Trung_Nguyen_bai_tap (branch_3)
$ git commit -m "commit nhanh 3"
[branch_3 2c2c1cc] commit nhanh 3
 1 file changed, 1 insertion(+)
 create mode 100644 text_branch_3.txt

Laptop@DESKTOP-C4HBMQE MINGW64 ~/35_Nguyen_Trung_Nguyen_bai_tap (branch_3)
$ git push origin branch_3
Enumerating objects: 4, done.
Counting objects: 100% (4/4), done.
Delta compression using up to 16 threads
Compressing objects: 100% (3/3), done.
Writing objects: 100% (3/3), 353 bytes | 353.00 KiB/s, done.
Total 3 (delta 0), reused 0 (delta 0), pack-reused 0 (from 0)
remote:
remote: Create a pull request for 'branch_3' on GitHub by visiting:
remote:      https://github.com/NguyenA2007/35_Nguyen_Trung_Nguyen_bai_tap/pull/new/branch_3
remote:
To https://github.com/NguyenA2007/35_Nguyen_Trung_Nguyen_bai_tap.git
 * [new branch]      branch_3 -> branch_3

Laptop@DESKTOP-C4HBMQE MINGW64 ~/35_Nguyen_Trung_Nguyen_bai_tap (branch_3)
$ git checkout main
Switched to branch 'main'
Your branch is up to date with 'origin/main'.

Laptop@DESKTOP-C4HBMQE MINGW64 ~/35_Nguyen_Trung_Nguyen_bai_tap (main)
$ git checkout -b branch_4
Switched to a new branch 'branch_4'

Laptop@DESKTOP-C4HBMQE MINGW64 ~/35_Nguyen_Trung_Nguyen_bai_tap (branch_4)
$ echo "Cras ac mi nec nisi porta ultrices sed non ante." > text_branch_4.txt

Laptop@DESKTOP-C4HBMQE MINGW64 ~/35_Nguyen_Trung_Nguyen_bai_tap (branch_4)
$ git add text_branch_4.txt

Laptop@DESKTOP-C4HBMQE MINGW64 ~/35_Nguyen_Trung_Nguyen_bai_tap (branch_4)
$ git commit -m "commit nhanh 4"
[branch_4 c41a60f] commit nhanh 4
 1 file changed, 1 insertion(+)
 create mode 100644 text_branch_4.txt

Laptop@DESKTOP-C4HBMQE MINGW64 ~/35_Nguyen_Trung_Nguyen_bai_tap (branch_4)
$ git push origin branch_4
Enumerating objects: 4, done.
Counting objects: 100% (4/4), done.
Delta compression using up to 16 threads
Compressing objects: 100% (2/2), done.
Writing objects: 100% (3/3), 343 bytes | 343.00 KiB/s, done.
Total 3 (delta 0), reused 0 (delta 0), pack-reused 0 (from 0)
remote:
remote: Create a pull request for 'branch_4' on GitHub by visiting:
remote:      https://github.com/NguyenA2007/35_Nguyen_Trung_Nguyen_bai_tap/pull/new/branch_4
remote:
To https://github.com/NguyenA2007/35_Nguyen_Trung_Nguyen_bai_tap.git
 * [new branch]      branch_4 -> branch_4

#Bài 4
Laptop@DESKTOP-C4HBMQE MINGW64 ~/35_Nguyen_Trung_Nguyen_bai_tap (branch_4)
$ git branch --delete branch_4
error: cannot delete branch 'branch_4' used by worktree at 'C:/Users/Lapto/35_Nguyen_Trung_Nguyen_bai_tap'

Laptop@DESKTOP-C4HBMQE MINGW64 ~/35_Nguyen_Trung_Nguyen_bai_tap (branch_4)
$ git checkout main
Switched to branch 'main'
Your branch is up to date with 'origin/main'.

Laptop@DESKTOP-C4HBMQE MINGW64 ~/35_Nguyen_Trung_Nguyen_bai_tap (main)
$ git branch --delete branch_4
error: the branch 'branch_4' is not fully merged
hint: If you are sure you want to delete it, run 'git branch -D branch_4'
hint: Disable this message with "git config set advice.forceDeleteBranch false"

Laptop@DESKTOP-C4HBMQE MINGW64 ~/35_Nguyen_Trung_Nguyen_bai_tap (main)
$ git branch --list
  branch_1
  branch_2
  branch_3
  branch_4
* main

Laptop@DESKTOP-C4HBMQE MINGW64 ~/35_Nguyen_Trung_Nguyen_bai_tap (main)
$ git branch -D branch_4
Deleted branch branch_4 (was c41a60f).

Laptop@DESKTOP-C4HBMQE MINGW64 ~/35_Nguyen_Trung_Nguyen_bai_tap (main)
$ git branch --list
  branch_1
  branch_2
  branch_3
* main

Laptop@DESKTOP-C4HBMQE MINGW64 ~/35_Nguyen_Trung_Nguyen_bai_tap (main)
$ git branch -r
  origin/HEAD -> origin/main
  origin/branch_1
  origin/branch_2
  origin/branch_3
  origin/branch_4
  origin/main


#Bài 5

#Bài 6

#Bài 7
Laptop@DESKTOP-C4HBMQE MINGW64 ~/35_Nguyen_Trung_Nguyen_bai_tap (branch_3)
$ git checkout branch_1
Switched to branch 'branch_1'

Laptop@DESKTOP-C4HBMQE MINGW64 ~/35_Nguyen_Trung_Nguyen_bai_tap (branch_1)
$ git checkout -b branch_5
Switched to a new branch 'branch_5'

Laptop@DESKTOP-C4HBMQE MINGW64 ~/35_Nguyen_Trung_Nguyen_bai_tap (branch_5)
$ echo "Etiam malesuada felis nulla, ac porta dui sollicitudin eget. Mauris hendrerit non
metus eget pellentesque. Etiam ornare ante at pretium hendrerit. Proin molestie
accumsan sapien, ac finibus libero lobortis quis. Praesent ac commodo eros.
Nullam malesuada v el dui nec feugiat. Cras justo ipsum, scelerisque et elit vitae,
porttitor tristique turpis. Nam ut hendrerit est. Nulla sed tincidunt nibh. Class
aptent taciti sociosqu ad litora torquent per conubia nostra, per inceptos
himenaeos. Quisque vitae egestas lacus. Phasellus turpis ante, euismod quis
pellentesque et, pharetra id ligula. Vestibulum mattis sem ac ligula auctor viverra.
Phasellus dignissim mollis leo, vitae tristique enim." > text_branch_1.txt

Laptop@DESKTOP-C4HBMQE MINGW64 ~/35_Nguyen_Trung_Nguyen_bai_tap (branch_5)
$ git add text_branch_1.txt

Laptop@DESKTOP-C4HBMQE MINGW64 ~/35_Nguyen_Trung_Nguyen_bai_tap (branch_5)
$ git commit -m "thang 9 tot lanh"
[branch_5 eb7c0bf] thang 9 tot lanh
 1 file changed, 9 insertions(+), 1 deletion(-)

Laptop@DESKTOP-C4HBMQE MINGW64 ~/35_Nguyen_Trung_Nguyen_bai_tap (branch_5)
$ git push origin branch_5
Enumerating objects: 8, done.
Counting objects: 100% (8/8), done.
Delta compression using up to 16 threads
Compressing objects: 100% (5/5), done.
Writing objects: 100% (5/5), 1004 bytes | 1004.00 KiB/s, done.
Total 5 (delta 1), reused 0 (delta 0), pack-reused 0 (from 0)
remote: Resolving deltas: 100% (1/1), done.
remote:
remote: Create a pull request for 'branch_5' on GitHub by visiting:
remote:      https://github.com/NguyenA2007/35_Nguyen_Trung_Nguyen_bai_tap/pull/new/branch_5
remote:
To https://github.com/NguyenA2007/35_Nguyen_Trung_Nguyen_bai_tap.git
 * [new branch]      branch_5 -> branch_5


#Bài 8

#Bài 9
Laptop@DESKTOP-C4HBMQE MINGW64 ~/35_Nguyen_Trung_Nguyen_bai_tap (main)
$ git checkout main
Already on 'main'
Your branch is up to date with 'origin/main'.

Laptop@DESKTOP-C4HBMQE MINGW64 ~/35_Nguyen_Trung_Nguyen_bai_tap (main)
$ git branch -d branch_2
Deleted branch branch_2 (was 31a9421).

Laptop@DESKTOP-C4HBMQE MINGW64 ~/35_Nguyen_Trung_Nguyen_bai_tap (main)
$ git branch -d branch_3
Deleted branch branch_3 (was d7f4c7d).

Laptop@DESKTOP-C4HBMQE MINGW64 ~/35_Nguyen_Trung_Nguyen_bai_tap (main)
$ git branch -d branch_4
error: branch 'branch_4' not found

Laptop@DESKTOP-C4HBMQE MINGW64 ~/35_Nguyen_Trung_Nguyen_bai_tap (main)
$ git push origin --delete branch_2
To https://github.com/NguyenA2007/35_Nguyen_Trung_Nguyen_bai_tap.git
 - [deleted]         branch_2

Laptop@DESKTOP-C4HBMQE MINGW64 ~/35_Nguyen_Trung_Nguyen_bai_tap (main)
$ git push origin --delete branch_3
To https://github.com/NguyenA2007/35_Nguyen_Trung_Nguyen_bai_tap.git
 - [deleted]         branch_3

Laptop@DESKTOP-C4HBMQE MINGW64 ~/35_Nguyen_Trung_Nguyen_bai_tap (main)
$ git push origin --delete branch_4
To https://github.com/NguyenA2007/35_Nguyen_Trung_Nguyen_bai_tap.git
 - [deleted]         branch_4

Laptop@DESKTOP-C4HBMQE MINGW64 ~/35_Nguyen_Trung_Nguyen_bai_tap (main)
$ git checkout branch_1
Switched to branch 'branch_1'

Laptop@DESKTOP-C4HBMQE MINGW64 ~/35_Nguyen_Trung_Nguyen_bai_tap (branch_1)
$ git pull origin main
From https://github.com/NguyenA2007/35_Nguyen_Trung_Nguyen_bai_tap
 * branch            main       -> FETCH_HEAD
Updating 8cf91b8..20b5c81
Fast-forward
 text_branch_2.txt | 1 +
 text_branch_3.txt | 1 +
 text_branch_4.txt | 1 +
 3 files changed, 3 insertions(+)
 create mode 100644 text_branch_2.txt
 create mode 100644 text_branch_3.txt
 create mode 100644 text_branch_4.txt




