Admin'@LAPTOP-1GGEGK5M MINGW64 /d/Git
$ git clone https://github.com/vu19082007vn-commits/53_Nguyen_Anh_Vu_Bai_Tap.git
Cloning into '53_Nguyen_Anh_Vu_Bai_Tap'...
remote: Enumerating objects: 3, done.
remote: Counting objects: 100% (3/3), done.
remote: Total 3 (delta 0), reused 0 (delta 0), pack-reused 0 (from 0)
Receiving objects: 100% (3/3), done.

Admin'@LAPTOP-1GGEGK5M MINGW64 /d/Git
$ cd 53_Nguyen_Anh_Vu_Bai_Tap

Admin'@LAPTOP-1GGEGK5M MINGW64 /d/Git/53_Nguyen_Anh_Vu_Bai_Tap (main)
$ notepad README.md

Admin'@LAPTOP-1GGEGK5M MINGW64 /d/Git/53_Nguyen_Anh_Vu_Bai_Tap (main)
$ git status
On branch main
Your branch is up to date with 'origin/main'.

Changes not staged for commit:
  (use "git add <file>..." to update what will be committed)
  (use "git restore <file>..." to discard changes in working directory)
        modified:   README.md

no changes added to commit (use "git add" and/or "git commit -a")

Admin'@LAPTOP-1GGEGK5M MINGW64 /d/Git/53_Nguyen_Anh_Vu_Bai_Tap (main)
$ git add .

Admin'@LAPTOP-1GGEGK5M MINGW64 /d/Git/53_Nguyen_Anh_Vu_Bai_Tap (main)
$ git commit -m "chinh sua noi dung theo yeu cau bai 2"
[main caae86b] chinh sua noi dung theo yeu cau bai 2
 1 file changed, 18 insertions(+), 1 deletion(-)

Admin'@LAPTOP-1GGEGK5M MINGW64 /d/Git/53_Nguyen_Anh_Vu_Bai_Tap (main)
$ git push origin main
Enumerating objects: 5, done.
Counting objects: 100% (5/5), done.
Delta compression using up to 20 threads
Compressing objects: 100% (2/2), done.
Writing objects: 100% (3/3), 654 bytes | 327.00 KiB/s, done.
Total 3 (delta 0), reused 0 (delta 0), pack-reused 0 (from 0)
To https://github.com/vu19082007vn-commits/53_Nguyen_Anh_Vu_Bai_Tap.git
   d61e929..caae86b  main -> main

Admin'@LAPTOP-1GGEGK5M MINGW64 /d/Git/53_Nguyen_Anh_Vu_Bai_Tap (main)
$ git checkout main
Already on 'main'
Your branch is up to date with 'origin/main'.

Admin'@LAPTOP-1GGEGK5M MINGW64 /d/Git/53_Nguyen_Anh_Vu_Bai_Tap (main)
$ git checkout -b branch_1
Switched to a new branch 'branch_1'

Admin'@LAPTOP-1GGEGK5M MINGW64 /d/Git/53_Nguyen_Anh_Vu_Bai_Tap (branch_1)
$ echo "Lorem ipsum dolor sit amet, consectetur adipiscing elit" > text_branch_1.txt

Admin'@LAPTOP-1GGEGK5M MINGW64 /d/Git/53_Nguyen_Anh_Vu_Bai_Tap (branch_1)
$ git add text_branch_1.txt
warning: in the working copy of 'text_branch_1.txt', LF will be replaced by CRLF the next time Git touches it

Admin'@LAPTOP-1GGEGK5M MINGW64 /d/Git/53_Nguyen_Anh_Vu_Bai_Tap (branch_1)
$ git commit -m "them file cho nhanh 1"
[branch_1 1a2296b] them file cho nhanh 1
 1 file changed, 1 insertion(+)
 create mode 100644 text_branch_1.txt

Admin'@LAPTOP-1GGEGK5M MINGW64 /d/Git/53_Nguyen_Anh_Vu_Bai_Tap (branch_1)
$ git push origin branch_1
Enumerating objects: 4, done.
Counting objects: 100% (4/4), done.
Delta compression using up to 20 threads
Compressing objects: 100% (3/3), done.
Writing objects: 100% (3/3), 352 bytes | 176.00 KiB/s, done.
Total 3 (delta 0), reused 0 (delta 0), pack-reused 0 (from 0)
remote:
remote: Create a pull request for 'branch_1' on GitHub by visiting:
remote:      https://github.com/vu19082007vn-commits/53_Nguyen_Anh_Vu_Bai_Tap/pull/new/branch_1
remote:
To https://github.com/vu19082007vn-commits/53_Nguyen_Anh_Vu_Bai_Tap.git
 * [new branch]      branch_1 -> branch_1

Admin'@LAPTOP-1GGEGK5M MINGW64 /d/Git/53_Nguyen_Anh_Vu_Bai_Tap (branch_1)
$ git checkout main
Switched to branch 'main'
Your branch is up to date with 'origin/main'.

Admin'@LAPTOP-1GGEGK5M MINGW64 /d/Git/53_Nguyen_Anh_Vu_Bai_Tap (main)
$ git checkout -b branch_2
Switched to a new branch 'branch_2'

Admin'@LAPTOP-1GGEGK5M MINGW64 /d/Git/53_Nguyen_Anh_Vu_Bai_Tap (branch_2)
$ echo "Praesent ullamcorper orci eu erat placerat sodales." > text_branch_2.txt

Admin'@LAPTOP-1GGEGK5M MINGW64 /d/Git/53_Nguyen_Anh_Vu_Bai_Tap (branch_2)
$ git add text_branch_2.txt
warning: in the working copy of 'text_branch_2.txt', LF will be replaced by CRLF the next time Git touches it

Admin'@LAPTOP-1GGEGK5M MINGW64 /d/Git/53_Nguyen_Anh_Vu_Bai_Tap (branch_2)
$ git commit -m "them file vao nhanh 2"
[branch_2 6b6459b] them file vao nhanh 2
 1 file changed, 1 insertion(+)
 create mode 100644 text_branch_2.txt

Admin'@LAPTOP-1GGEGK5M MINGW64 /d/Git/53_Nguyen_Anh_Vu_Bai_Tap (branch_2)
$ git push origin branch_2
Enumerating objects: 4, done.
Counting objects: 100% (4/4), done.
Delta compression using up to 20 threads
Compressing objects: 100% (3/3), done.
Writing objects: 100% (3/3), 348 bytes | 348.00 KiB/s, done.
Total 3 (delta 0), reused 0 (delta 0), pack-reused 0 (from 0)
remote:
remote: Create a pull request for 'branch_2' on GitHub by visiting:
remote:      https://github.com/vu19082007vn-commits/53_Nguyen_Anh_Vu_Bai_Tap/pull/new/branch_2
remote:
To https://github.com/vu19082007vn-commits/53_Nguyen_Anh_Vu_Bai_Tap.git
 * [new branch]      branch_2 -> branch_2

Admin'@LAPTOP-1GGEGK5M MINGW64 /d/Git/53_Nguyen_Anh_Vu_Bai_Tap (branch_2)
$ git checkout main
Switched to branch 'main'
Your branch is up to date with 'origin/main'.

Admin'@LAPTOP-1GGEGK5M MINGW64 /d/Git/53_Nguyen_Anh_Vu_Bai_Tap (main)
$ git checkout -b branch_3
Switched to a new branch 'branch_3'

Admin'@LAPTOP-1GGEGK5M MINGW64 /d/Git/53_Nguyen_Anh_Vu_Bai_Tap (branch_3)
$ echo "Integer sit amet nisi aliquam, tempor libero quis, cursus erat" > text_branch_3.txt

Admin'@LAPTOP-1GGEGK5M MINGW64 /d/Git/53_Nguyen_Anh_Vu_Bai_Tap (branch_3)
$ git add text_branch_3.txt
warning: in the working copy of 'text_branch_3.txt', LF will be replaced by CRLF the next time Git touches it

Admin'@LAPTOP-1GGEGK5M MINGW64 /d/Git/53_Nguyen_Anh_Vu_Bai_Tap (branch_3)
$ git commit -m "them file vao nhanh 3"
[branch_3 ff98800] them file vao nhanh 3
 1 file changed, 1 insertion(+)
 create mode 100644 text_branch_3.txt

Admin'@LAPTOP-1GGEGK5M MINGW64 /d/Git/53_Nguyen_Anh_Vu_Bai_Tap (branch_3)
$ git push origin branch_3
Enumerating objects: 4, done.
Counting objects: 100% (4/4), done.
Delta compression using up to 20 threads
Compressing objects: 100% (3/3), done.
Writing objects: 100% (3/3), 357 bytes | 178.00 KiB/s, done.
Total 3 (delta 0), reused 0 (delta 0), pack-reused 0 (from 0)
remote:
remote: Create a pull request for 'branch_3' on GitHub by visiting:
remote:      https://github.com/vu19082007vn-commits/53_Nguyen_Anh_Vu_Bai_Tap/pull/new/branch_3
remote:
To https://github.com/vu19082007vn-commits/53_Nguyen_Anh_Vu_Bai_Tap.git
 * [new branch]      branch_3 -> branch_3

Admin'@LAPTOP-1GGEGK5M MINGW64 /d/Git/53_Nguyen_Anh_Vu_Bai_Tap (branch_3)
$ git checkout main
Switched to branch 'main'
Your branch is up to date with 'origin/main'.

Admin'@LAPTOP-1GGEGK5M MINGW64 /d/Git/53_Nguyen_Anh_Vu_Bai_Tap (main)
$ git checkout -b branch_4
Switched to a new branch 'branch_4'

Admin'@LAPTOP-1GGEGK5M MINGW64 /d/Git/53_Nguyen_Anh_Vu_Bai_Tap (branch_4)
$ echo "Cras ac mi nec nisi porta ultrices sed non ante." > text_branch_4.txt

Admin'@LAPTOP-1GGEGK5M MINGW64 /d/Git/53_Nguyen_Anh_Vu_Bai_Tap (branch_4)
$ git add text_branch_4.txt
warning: in the working copy of 'text_branch_4.txt', LF will be replaced by CRLF the next time Git touches it

Admin'@LAPTOP-1GGEGK5M MINGW64 /d/Git/53_Nguyen_Anh_Vu_Bai_Tap (branch_4)
$ git commit -m "them file vao nhanh 4"
[branch_4 f36a6b6] them file vao nhanh 4
 1 file changed, 1 insertion(+)
 create mode 100644 text_branch_4.txt

Admin'@LAPTOP-1GGEGK5M MINGW64 /d/Git/53_Nguyen_Anh_Vu_Bai_Tap (branch_4)
$ git push origin branch_4
Enumerating objects: 4, done.
Counting objects: 100% (4/4), done.
Delta compression using up to 20 threads
Compressing objects: 100% (2/2), done.
Writing objects: 100% (3/3), 346 bytes | 346.00 KiB/s, done.
Total 3 (delta 0), reused 0 (delta 0), pack-reused 0 (from 0)
remote:
remote: Create a pull request for 'branch_4' on GitHub by visiting:
remote:      https://github.com/vu19082007vn-commits/53_Nguyen_Anh_Vu_Bai_Tap/pull/new/branch_4
remote:
To https://github.com/vu19082007vn-commits/53_Nguyen_Anh_Vu_Bai_Tap.git
 * [new branch]      branch_4 -> branch_4

Admin'@LAPTOP-1GGEGK5M MINGW64 /d/Git/53_Nguyen_Anh_Vu_Bai_Tap (branch_4)
$ git checkout main
Switched to branch 'main'
Your branch is up to date with 'origin/main'.

Admin'@LAPTOP-1GGEGK5M MINGW64 /d/Git/53_Nguyen_Anh_Vu_Bai_Tap (main)
$ git branch --delete branch_4
error: the branch 'branch_4' is not fully merged
hint: If you are sure you want to delete it, run 'git branch -D branch_4'
hint: Disable this message with "git config set advice.forceDeleteBranch false"

Admin'@LAPTOP-1GGEGK5M MINGW64 /d/Git/53_Nguyen_Anh_Vu_Bai_Tap (main)
$ git branch --list
  branch_1
  branch_2
  branch_3
  branch_4
* main

Admin'@LAPTOP-1GGEGK5M MINGW64 /d/Git/53_Nguyen_Anh_Vu_Bai_Tap (main)
$ git branch -D branch_4
Deleted branch branch_4 (was f36a6b6).

Admin'@LAPTOP-1GGEGK5M MINGW64 /d/Git/53_Nguyen_Anh_Vu_Bai_Tap (main)
$ git branch --list
  branch_1
  branch_2
  branch_3
* main

Admin'@LAPTOP-1GGEGK5M MINGW64 /d/Git/53_Nguyen_Anh_Vu_Bai_Tap (main)
$ git checkout main
Already on 'main'
Your branch is up to date with 'origin/main'.

Admin'@LAPTOP-1GGEGK5M MINGW64 /d/Git/53_Nguyen_Anh_Vu_Bai_Tap (main)
$ git pull
Already up to date.

Admin'@LAPTOP-1GGEGK5M MINGW64 /d/Git/53_Nguyen_Anh_Vu_Bai_Tap (main)
$ git checkout main
Already on 'main'
Your branch is up to date with 'origin/main'.

Admin'@LAPTOP-1GGEGK5M MINGW64 /d/Git/53_Nguyen_Anh_Vu_Bai_Tap (main)
$ mkdir main_folder

Admin'@LAPTOP-1GGEGK5M MINGW64 /d/Git/53_Nguyen_Anh_Vu_Bai_Tap (main)
$ cd main_folder

Admin'@LAPTOP-1GGEGK5M MINGW64 /d/Git/53_Nguyen_Anh_Vu_Bai_Tap/main_folder (main)
$ echo "noi dung 1" > main_txt_1.txt

Admin'@LAPTOP-1GGEGK5M MINGW64 /d/Git/53_Nguyen_Anh_Vu_Bai_Tap/main_folder (main)
$ echo "noi dung 2" > main_txt_2.txt

Admin'@LAPTOP-1GGEGK5M MINGW64 /d/Git/53_Nguyen_Anh_Vu_Bai_Tap/main_folder (main)
$ echo "noi dung 3" > main_txt_3.txt

Admin'@LAPTOP-1GGEGK5M MINGW64 /d/Git/53_Nguyen_Anh_Vu_Bai_Tap/main_folder (main)
$ cd ..

Admin'@LAPTOP-1GGEGK5M MINGW64 /d/Git/53_Nguyen_Anh_Vu_Bai_Tap (main)
$ git add main_folder
warning: in the working copy of 'main_folder/main_txt_1.txt', LF will be replaced by CRLF the next time Git touches it
warning: in the working copy of 'main_folder/main_txt_2.txt', LF will be replaced by CRLF the next time Git touches it
warning: in the working copy of 'main_folder/main_txt_3.txt', LF will be replaced by CRLF the next time Git touches it

Admin'@LAPTOP-1GGEGK5M MINGW64 /d/Git/53_Nguyen_Anh_Vu_Bai_Tap (main)
$ git commit -m " them thu muc main_folder chua 3 file"
[main 1693e09]  them thu muc main_folder chua 3 file
 3 files changed, 3 insertions(+)





















From https://github.com/vu19082007vn-commits/53_Nguyen_Anh_Vu_Bai_Tap
 * branch            main       -> FETCH_HEAD
Merge made by the 'ort' strategy.
 main_folder/main_txt_1.txt | 1 +
 main_folder/main_txt_2.txt | 1 +
 main_folder/main_txt_3.txt | 1 +
 3 files changed, 3 insertions(+)
 create mode 100644 main_folder/main_txt_1.txt
 create mode 100644 main_folder/main_txt_2.txt
 create mode 100644 main_folder/main_txt_3.txt

Admin'@LAPTOP-1GGEGK5M MINGW64 /d/Git/53_Nguyen_Anh_Vu_Bai_Tap (branch_1)
$ git pull origin main





















From https://github.com/vu19082007vn-commits/53_Nguyen_Anh_Vu_Bai_Tap
 * branch            main       -> FETCH_HEAD
Merge made by the 'ort' strategy.
 main_folder/main_txt_1.txt | 1 +
 main_folder/main_txt_2.txt | 1 +
 main_folder/main_txt_3.txt | 1 +
 3 files changed, 3 insertions(+)





















From https://github.com/vu19082007vn-commits/53_Nguyen_Anh_Vu_Bai_Tap
 * branch            main       -> FETCH_HEAD
Merge made by the 'ort' strategy.
 main_folder/main_txt_1.txt | 1 +
 main_folder/main_txt_2.txt | 1 +
 main_folder/main_txt_3.txt | 1 +
 3 files changed, 3 insertions(+)
 create mode 100644 main_folder/main_txt_1.txt
 create mode 100644 main_folder/main_txt_2.txt
 create mode 100644 main_folder/main_txt_3.txt

Admin'@LAPTOP-1GGEGK5M MINGW64 /d/Git/53_Nguyen_Anh_Vu_Bai_Tap (branch_3)
$ git pull origin branch_3
From https://github.com/vu19082007vn-commits/53_Nguyen_Anh_Vu_Bai_Tap
 * branch            branch_3   -> FETCH_HEAD
Already up to date.

Admin'@LAPTOP-1GGEGK5M MINGW64 /d/Git/53_Nguyen_Anh_Vu_Bai_Tap (branch_3)
$ git checkout branch_1
Switched to branch 'branch_1'

Admin'@LAPTOP-1GGEGK5M MINGW64 /d/Git/53_Nguyen_Anh_Vu_Bai_Tap (branch_1)
$ git checkout -b branch_5
Switched to a new branch 'branch_5'

Admin'@LAPTOP-1GGEGK5M MINGW64 /d/Git/53_Nguyen_Anh_Vu_Bai_Tap (branch_5)
$ echo "Etiam malesuada felis nulla, ac porta dui sollicitudin eget. Mauris hendrerit nonmetus eget pellentesque. Etiam ornare ante at pretium hendrerit. Proin molestieaccumsan sapien, ac finibus libero lobortis quis. Praesent ac commodo eros.Nullam malesuada v el dui nec feugiat. Cras justo ipsum, scelerisque et elit vitae,porttitor tristique turpis. Nam ut hendrerit est. Nulla sed tincidunt nibh. Classaptent taciti sociosqu ad litora torquent per conubia nostra, per inceptoshimenaeos. Quisque vitae egestas lacus. Phasellus turpis ante, euismod quis    pellentesque et, pharetra id ligula. Vestibulum mattis sem ac ligula auctor viverra.Phasellus dignissim mollis leo, vitae tristique enim." > text_branch_1.txt  
Admin'@LAPTOP-1GGEGK5M MINGW64 /d/Git/53_Nguyen_Anh_Vu_Bai_Tap (branch_5)
$ git add text_branch_1.txt
warning: in the working copy of 'text_branch_1.txt', LF will be replaced by CRLF the next time Git touches it

Admin'@LAPTOP-1GGEGK5M MINGW64 /d/Git/53_Nguyen_Anh_Vu_Bai_Tap (branch_5)
$ git commit -m "cap nhat noi dung cho text_branch_1.txt cho nhanh 5"
[branch_5 63d3803] cap nhat noi dung cho text_branch_1.txt cho nhanh 5
 1 file changed, 2 insertions(+), 1 deletion(-)

Admin'@LAPTOP-1GGEGK5M MINGW64 /d/Git/53_Nguyen_Anh_Vu_Bai_Tap (branch_5)
$ git push origin branch_5
Enumerating objects: 5, done.
Counting objects: 100% (5/5), done.
Delta compression using up to 20 threads
Compressing objects: 100% (3/3), done.
Writing objects: 100% (3/3), 667 bytes | 667.00 KiB/s, done.
Total 3 (delta 1), reused 0 (delta 0), pack-reused 0 (from 0)
remote: Resolving deltas: 100% (1/1), completed with 1 local object.
remote:
remote: Create a pull request for 'branch_5' on GitHub by visiting:
remote:      https://github.com/vu19082007vn-commits/53_Nguyen_Anh_Vu_Bai_Tap/pull/new/branch_5
remote:
To https://github.com/vu19082007vn-commits/53_Nguyen_Anh_Vu_Bai_Tap.git
 * [new branch]      branch_5 -> branch_5

Admin'@LAPTOP-1GGEGK5M MINGW64 /d/Git/53_Nguyen_Anh_Vu_Bai_Tap (branch_5)
$ git checkout branch_1
Switched to branch 'branch_1'

Admin'@LAPTOP-1GGEGK5M MINGW64 /d/Git/53_Nguyen_Anh_Vu_Bai_Tap (branch_1)
$ git merge branch_5
Updating e701986..63d3803
Fast-forward
 text_branch_1.txt | 3 ++-
 1 file changed, 2 insertions(+), 1 deletion(-)

Admin'@LAPTOP-1GGEGK5M MINGW64 /d/Git/53_Nguyen_Anh_Vu_Bai_Tap (branch_1)
$ git checkout branch_1
Already on 'branch_1'

Admin'@LAPTOP-1GGEGK5M MINGW64 /d/Git/53_Nguyen_Anh_Vu_Bai_Tap (branch_1)
$ git branch -d branch_5
Deleted branch branch_5 (was 63d3803).

Admin'@LAPTOP-1GGEGK5M MINGW64 /d/Git/53_Nguyen_Anh_Vu_Bai_Tap (branch_1)
$ git checkout  main
Switched to branch 'main'
Your branch is up to date with 'origin/main'.

Admin'@LAPTOP-1GGEGK5M MINGW64 /d/Git/53_Nguyen_Anh_Vu_Bai_Tap (main)
$ git marge branch_1
git: 'marge' is not a git command. See 'git --help'.

The most similar command is
        merge

Admin'@LAPTOP-1GGEGK5M MINGW64 /d/Git/53_Nguyen_Anh_Vu_Bai_Tap (main)
$ git marge branch_2
git: 'marge' is not a git command. See 'git --help'.

The most similar command is
        merge

Admin'@LAPTOP-1GGEGK5M MINGW64 /d/Git/53_Nguyen_Anh_Vu_Bai_Tap (main)
$ git marge branch_3
git: 'marge' is not a git command. See 'git --help'.

The most similar command is
        merge

Admin'@LAPTOP-1GGEGK5M MINGW64 /d/Git/53_Nguyen_Anh_Vu_Bai_Tap (main)
$ git marge branch_4
git: 'marge' is not a git command. See 'git --help'.
























Merge made by the 'ort' strategy.
 text_branch_4.txt | 1 +
 1 file changed, 1 insertion(+)
 create mode 100644 text_branch_4.txt

Admin'@LAPTOP-1GGEGK5M MINGW64 /d/Git/53_Nguyen_Anh_Vu_Bai_Tap (main)
$ git push origin main
Enumerating objects: 4, done.
Counting objects: 100% (4/4), done.
Delta compression using up to 20 threads
Compressing objects: 100% (2/2), done.
Writing objects: 100% (2/2), 359 bytes | 359.00 KiB/s, done.
Total 2 (delta 0), reused 0 (delta 0), pack-reused 0 (from 0)
To https://github.com/vu19082007vn-commits/53_Nguyen_Anh_Vu_Bai_Tap.git
   1693e09..3e9b741  main -> main

Admin'@LAPTOP-1GGEGK5M MINGW64 /d/Git/53_Nguyen_Anh_Vu_Bai_Tap (main)
$ git checkout main
Already on 'main'
Your branch is up to date with 'origin/main'.

Admin'@LAPTOP-1GGEGK5M MINGW64 /d/Git/53_Nguyen_Anh_Vu_Bai_Tap (main)
$ git checkout -b branch_1
fatal: a branch named 'branch_1' already exists

Admin'@LAPTOP-1GGEGK5M MINGW64 /d/Git/53_Nguyen_Anh_Vu_Bai_Tap (main)
$ echo "Lorem ipsum dolor sit amet, consectetur adipiscing elit" > text_branch_1.txt

Admin'@LAPTOP-1GGEGK5M MINGW64 /d/Git/53_Nguyen_Anh_Vu_Bai_Tap (main)
$ git add text_branch_1.txt
warning: in the working copy of 'text_branch_1.txt', LF will be replaced by CRLF the next time Git touches it

Admin'@LAPTOP-1GGEGK5M MINGW64 /d/Git/53_Nguyen_Anh_Vu_Bai_Tap (main)
$ git commit -m "them file cho nhanh 1"
[main fafa815] them file cho nhanh 1
 1 file changed, 1 insertion(+)
 create mode 100644 text_branch_1.txt

Admin'@LAPTOP-1GGEGK5M MINGW64 /d/Git/53_Nguyen_Anh_Vu_Bai_Tap (main)
$ git push origin branch_1
Total 0 (delta 0), reused 0 (delta 0), pack-reused 0 (from 0)
To https://github.com/vu19082007vn-commits/53_Nguyen_Anh_Vu_Bai_Tap.git
   e701986..63d3803  branch_1 -> branch_1

Admin'@LAPTOP-1GGEGK5M MINGW64 /d/Git/53_Nguyen_Anh_Vu_Bai_Tap (main)
$ git checkout main
git checkout -b branch_2
echo "Praesent ullamcorper orci eu erat placerat sodales." > text_branch_2.txt
git add text_branch_2.txt
git commit -m "them file vao nhanh 2"
git push origin branch_2
Already on 'main'
Your branch is ahead of 'origin/main' by 1 commit.
  (use "git push" to publish your local commits)
fatal: a branch named 'branch_2' already exists
warning: in the working copy of 'text_branch_2.txt', LF will be replaced by CRLF the next time Git touches it
[main ee41a8e] them file vao nhanh 2
 1 file changed, 1 insertion(+)
 create mode 100644 text_branch_2.txt
Everything up-to-date

Admin'@LAPTOP-1GGEGK5M MINGW64 /d/Git/53_Nguyen_Anh_Vu_Bai_Tap (main)
$ git checkout main
git checkout -b branch_3
echo "Integer sit amet nisi aliquam, tempor libero quis, cursus erat" > text_branch_3.txt
git add text_branch_3.txt
git commit -m "them file vao nhanh 3"
git push origin branch_3
Already on 'main'
Your branch is ahead of 'origin/main' by 2 commits.
  (use "git push" to publish your local commits)
fatal: a branch named 'branch_3' already exists
warning: in the working copy of 'text_branch_3.txt', LF will be replaced by CRLF the next time Git touches it
[main ac11b59] them file vao nhanh 3
 1 file changed, 1 insertion(+)
 create mode 100644 text_branch_3.txt
Enumerating objects: 4, done.
Counting objects: 100% (4/4), done.
Delta compression using up to 20 threads
Compressing objects: 100% (2/2), done.
Writing objects: 100% (2/2), 416 bytes | 416.00 KiB/s, done.
Total 2 (delta 0), reused 0 (delta 0), pack-reused 0 (from 0)
To https://github.com/vu19082007vn-commits/53_Nguyen_Anh_Vu_Bai_Tap.git
   ff98800..810f6f2  branch_3 -> branch_3

Admin'@LAPTOP-1GGEGK5M MINGW64 /d/Git/53_Nguyen_Anh_Vu_Bai_Tap (main)
$ git checkout main
git checkout -b branch_4
echo "Cras ac mi nec nisi porta ultrices sed non ante." > text_branch_4.txt
git add text_branch_4.txt
git commit -m "them file vao nhanh 4"
git push origin branch_4
Already on 'main'
Your branch is ahead of 'origin/main' by 3 commits.
  (use "git push" to publish your local commits)
fatal: a branch named 'branch_4' already exists
warning: in the working copy of 'text_branch_4.txt', LF will be replaced by CRLF the next time Git touches it
On branch main
Your branch is ahead of 'origin/main' by 3 commits.
  (use "git push" to publish your local commits)

nothing to commit, working tree clean
Everything up-to-date

Admin'@LAPTOP-1GGEGK5M MINGW64 /d/Git/53_Nguyen_Anh_Vu_Bai_Tap (main)
$ git checkout main
Already on 'main'
Your branch is ahead of 'origin/main' by 3 commits.
  (use "git push" to publish your local commits)

Admin'@LAPTOP-1GGEGK5M MINGW64 /d/Git/53_Nguyen_Anh_Vu_Bai_Tap (main)
$ git merge branch_1
git merge branch_2
git merge branch_3
Auto-merging text_branch_1.txt
CONFLICT (add/add): Merge conflict in text_branch_1.txt
Automatic merge failed; fix conflicts and then commit the result.
error: Merging is not possible because you have unmerged files.
hint: Fix them up in the work tree, and then use 'git add/rm <file>'
hint: as appropriate to mark resolution and make a commit.
fatal: Exiting because of an unresolved conflict.
error: Merging is not possible because you have unmerged files.
hint: Fix them up in the work tree, and then use 'git add/rm <file>'
hint: as appropriate to mark resolution and make a commit.
fatal: Exiting because of an unresolved conflict.

Admin'@LAPTOP-1GGEGK5M MINGW64 /d/Git/53_Nguyen_Anh_Vu_Bai_Tap (main|MERGING)
$ git push origin main
Enumerating objects: 10, done.
Counting objects: 100% (10/10), done.
Delta compression using up to 20 threads
Compressing objects: 100% (9/9), done.
Writing objects: 100% (9/9), 967 bytes | 322.00 KiB/s, done.
Total 9 (delta 2), reused 0 (delta 0), pack-reused 0 (from 0)
remote: Resolving deltas: 100% (2/2), done.
To https://github.com/vu19082007vn-commits/53_Nguyen_Anh_Vu_Bai_Tap.git
   3e9b741..ac11b59  main -> main

Admin'@LAPTOP-1GGEGK5M MINGW64 /d/Git/53_Nguyen_Anh_Vu_Bai_Tap (main|MERGING)
$ git checkout main
text_branch_1.txt: needs merge
error: you need to resolve your current index first

Admin'@LAPTOP-1GGEGK5M MINGW64 /d/Git/53_Nguyen_Anh_Vu_Bai_Tap (main|MERGING)
$ git checkout main
text_branch_1.txt: needs merge
error: you need to resolve your current index first

Admin'@LAPTOP-1GGEGK5M MINGW64 /d/Git/53_Nguyen_Anh_Vu_Bai_Tap (main|MERGING)
$ git add text_branch_1.txt

Admin'@LAPTOP-1GGEGK5M MINGW64 /d/Git/53_Nguyen_Anh_Vu_Bai_Tap (main|MERGING)
$ git commit -m " them file nhanh 1"
[main a7545c4]  them file nhanh 1

Admin'@LAPTOP-1GGEGK5M MINGW64 /d/Git/53_Nguyen_Anh_Vu_Bai_Tap (main)
$ git checkout main
Already on 'main'
Your branch is ahead of 'origin/main' by 4 commits.
  (use "git push" to publish your local commits)

Admin'@LAPTOP-1GGEGK5M MINGW64 /d/Git/53_Nguyen_Anh_Vu_Bai_Tap (main)
$ git branch -d branch_2
error: the branch 'branch_2' is not fully merged
hint: If you are sure you want to delete it, run 'git branch -D branch_2'
hint: Disable this message with "git config set advice.forceDeleteBranch false"

Admin'@LAPTOP-1GGEGK5M MINGW64 /d/Git/53_Nguyen_Anh_Vu_Bai_Tap (main)
$ git branch -D branch_2
Deleted branch branch_2 (was 76f122b).

Admin'@LAPTOP-1GGEGK5M MINGW64 /d/Git/53_Nguyen_Anh_Vu_Bai_Tap (main)
$ git branch -D branch_3
Deleted branch branch_3 (was 810f6f2).

Admin'@LAPTOP-1GGEGK5M MINGW64 /d/Git/53_Nguyen_Anh_Vu_Bai_Tap (main)
$ git branch -D branch_4
Deleted branch branch_4 (was f36a6b6).

Admin'@LAPTOP-1GGEGK5M MINGW64 /d/Git/53_Nguyen_Anh_Vu_Bai_Tap (main)
$ git checkout branch_1
Switched to branch 'branch_1'

Admin'@LAPTOP-1GGEGK5M MINGW64 /d/Git/53_Nguyen_Anh_Vu_Bai_Tap (branch_1)
$ git pull origin main
From https://github.com/vu19082007vn-commits/53_Nguyen_Anh_Vu_Bai_Tap
 * branch            main       -> FETCH_HEAD
Auto-merging text_branch_1.txt
CONFLICT (add/add): Merge conflict in text_branch_1.txt
Automatic merge failed; fix conflicts and then commit the result.

Admin'@LAPTOP-1GGEGK5M MINGW64 /d/Git/53_Nguyen_Anh_Vu_Bai_Tap (branch_1|MERGING)
$ git push origin branch_1
Everything up-to-date

Admin'@LAPTOP-1GGEGK5M MINGW64 /d/Git/53_Nguyen_Anh_Vu_Bai_Tap (branch_1|MERGING)
$ git add text_branch_1.txt

Admin'@LAPTOP-1GGEGK5M MINGW64 /d/Git/53_Nguyen_Anh_Vu_Bai_Tap (branch_1|MERGING)
$ git commit -m " them file nhanh 1"
[branch_1 a29a74b]  them file nhanh 1

Admin'@LAPTOP-1GGEGK5M MINGW64 /d/Git/53_Nguyen_Anh_Vu_Bai_Tap (branch_1)
$ git checkout main
Switched to branch 'main'
Your branch is ahead of 'origin/main' by 4 commits.
  (use "git push" to publish your local commits)

Admin'@LAPTOP-1GGEGK5M MINGW64 /d/Git/53_Nguyen_Anh_Vu_Bai_Tap (main)
$ git push origin -d branch_2
To https://github.com/vu19082007vn-commits/53_Nguyen_Anh_Vu_Bai_Tap.git
 - [deleted]         branch_2

Admin'@LAPTOP-1GGEGK5M MINGW64 /d/Git/53_Nguyen_Anh_Vu_Bai_Tap (main)
$ git push origin -d branch_3
To https://github.com/vu19082007vn-commits/53_Nguyen_Anh_Vu_Bai_Tap.git
 - [deleted]         branch_3

Admin'@LAPTOP-1GGEGK5M MINGW64 /d/Git/53_Nguyen_Anh_Vu_Bai_Tap (main)
$ git push origin -d branch_4
To https://github.com/vu19082007vn-commits/53_Nguyen_Anh_Vu_Bai_Tap.git
 - [deleted]         branch_4

Admin'@LAPTOP-1GGEGK5M MINGW64 /d/Git/53_Nguyen_Anh_Vu_Bai_Tap (main)
$ git checkout branch_1
Switched to branch 'branch_1'

Admin'@LAPTOP-1GGEGK5M MINGW64 /d/Git/53_Nguyen_Anh_Vu_Bai_Tap (branch_1)
$ git pull origin main
From https://github.com/vu19082007vn-commits/53_Nguyen_Anh_Vu_Bai_Tap
 * branch            main       -> FETCH_HEAD
Already up to date.

Admin'@LAPTOP-1GGEGK5M MINGW64 /d/Git/53_Nguyen_Anh_Vu_Bai_Tap (branch_1)
$ git push origin main
Enumerating objects: 7, done.
Counting objects: 100% (7/7), done.
Delta compression using up to 20 threads
Compressing objects: 100% (3/3), done.
Writing objects: 100% (3/3), 406 bytes | 406.00 KiB/s, done.
Total 3 (delta 2), reused 0 (delta 0), pack-reused 0 (from 0)
remote: Resolving deltas: 100% (2/2), completed with 2 local objects.
To https://github.com/vu19082007vn-commits/53_Nguyen_Anh_Vu_Bai_Tap.git
   ac11b59..a7545c4  main -> main
